Archive member included to satisfy reference by file (symbol)

/opt/devkitpro/libnds/lib/libnds9.a(console.o)
                              main.o (consoleDemoInit)
/opt/devkitpro/libnds/lib/libnds9.a(initSystem.o)
                              /opt/devkitpro/devkitARM/bin/../lib/gcc/arm-none-eabi/11.2.0/../../../../arm-none-eabi/lib/ds_arm9_crt0.o (initSystem)
/opt/devkitpro/libnds/lib/libnds9.a(securearea.o)
                              /opt/devkitpro/devkitARM/bin/../lib/gcc/arm-none-eabi/11.2.0/../../../../arm-none-eabi/lib/ds_arm9_crt0.o (__secure_area__)
/opt/devkitpro/libnds/lib/libnds9.a(interrupts.o)
                              /opt/devkitpro/libnds/lib/libnds9.a(initSystem.o) (irqInit)
/opt/devkitpro/libnds/lib/libnds9.a(libnds_exit.arm.o)
                              /opt/devkitpro/devkitARM/bin/../lib/gcc/arm-none-eabi/11.2.0/../../../../arm-none-eabi/lib/ds_arm9_crt0.o (__libnds_exit)
/opt/devkitpro/libnds/lib/libnds9.a(fifosystem.o)
                              /opt/devkitpro/libnds/lib/libnds9.a(initSystem.o) (fifoSetValue32Handler)
/opt/devkitpro/libnds/lib/libnds9.a(mpu_setup.o)
                              /opt/devkitpro/devkitARM/bin/../lib/gcc/arm-none-eabi/11.2.0/../../../../arm-none-eabi/lib/ds_arm9_crt0.o (__libnds_mpu_setup)
/opt/devkitpro/libnds/lib/libnds9.a(IntrWait.o)
                              /opt/devkitpro/libnds/lib/libnds9.a(fifosystem.o) (swiIntrWait)
/opt/devkitpro/libnds/lib/libnds9.a(cpu_clock.o)
                              /opt/devkitpro/libnds/lib/libnds9.a(initSystem.o) (setCpuClock)
/opt/devkitpro/libnds/lib/libnds9.a(interruptDispatcher.o)
                              /opt/devkitpro/libnds/lib/libnds9.a(interrupts.o) (IntrMain)
/opt/devkitpro/libnds/lib/libnds9.a(debugprint.o)
                              /opt/devkitpro/libnds/lib/libnds9.a(console.o) (nocashWrite)
/opt/devkitpro/libnds/lib/libnds9.a(swiSoftReset.o)
                              /opt/devkitpro/libnds/lib/libnds9.a(fifosystem.o) (swiSoftReset)
/opt/devkitpro/libnds/lib/libnds9.a(default_font.bin.o)
                              /opt/devkitpro/libnds/lib/libnds9.a(console.o) (default_font_bin)
/opt/devkitpro/libnds/lib/libnds9.a(background.o)
                              /opt/devkitpro/libnds/lib/libnds9.a(console.o) (bgState)
/opt/devkitpro/libnds/lib/libnds9.a(trig.o)
                              /opt/devkitpro/libnds/lib/libnds9.a(background.o) (sinLerp)
/opt/devkitpro/libnds/lib/libnds9.a(video.o)
                              /opt/devkitpro/libnds/lib/libnds9.a(initSystem.o) (vramDefault)
/opt/devkitpro/libnds/lib/libnds9.a(system.o)
                              /opt/devkitpro/libnds/lib/libnds9.a(initSystem.o) (systemValueHandler)
/opt/devkitpro/libnds/lib/libnds9.a(biosCalls.o)
                              /opt/devkitpro/libnds/lib/libnds9.a(system.o) (swiDelay)
/opt/devkitpro/devkitARM/bin/../lib/gcc/arm-none-eabi/11.2.0/libgcc.a(_divsi3.o)
                              /opt/devkitpro/libnds/lib/libnds9.a(console.o) (__aeabi_idivmod)
/opt/devkitpro/devkitARM/bin/../lib/gcc/arm-none-eabi/11.2.0/libgcc.a(_dvmd_tls.o)
                              /opt/devkitpro/devkitARM/bin/../lib/gcc/arm-none-eabi/11.2.0/libgcc.a(_divsi3.o) (__aeabi_idiv0)
/opt/devkitpro/devkitARM/bin/../lib/gcc/arm-none-eabi/11.2.0/../../../../arm-none-eabi/lib/libg.a(lib_a-bsearch.o)
                              /opt/devkitpro/libnds/lib/libnds9.a(trig.o) (bsearch)
/opt/devkitpro/devkitARM/bin/../lib/gcc/arm-none-eabi/11.2.0/../../../../arm-none-eabi/lib/libg.a(lib_a-init.o)
                              /opt/devkitpro/devkitARM/bin/../lib/gcc/arm-none-eabi/11.2.0/../../../../arm-none-eabi/lib/ds_arm9_crt0.o (__libc_init_array)
/opt/devkitpro/devkitARM/bin/../lib/gcc/arm-none-eabi/11.2.0/../../../../arm-none-eabi/lib/libg.a(lib_a-iprintf.o)
                              /opt/devkitpro/libnds/lib/libnds9.a(console.o) (iprintf)
/opt/devkitpro/devkitARM/bin/../lib/gcc/arm-none-eabi/11.2.0/../../../../arm-none-eabi/lib/libg.a(lib_a-memcpy-stub.o)
                              /opt/devkitpro/libnds/lib/libnds9.a(console.o) (memcpy)
/opt/devkitpro/devkitARM/bin/../lib/gcc/arm-none-eabi/11.2.0/../../../../arm-none-eabi/lib/libg.a(lib_a-memset.o)
                              /opt/devkitpro/libnds/lib/libnds9.a(background.o) (memset)
/opt/devkitpro/devkitARM/bin/../lib/gcc/arm-none-eabi/11.2.0/../../../../arm-none-eabi/lib/libg.a(lib_a-printf.o)
                              main.o (printf)
/opt/devkitpro/devkitARM/bin/../lib/gcc/arm-none-eabi/11.2.0/../../../../arm-none-eabi/lib/libg.a(lib_a-setvbuf.o)
                              /opt/devkitpro/libnds/lib/libnds9.a(console.o) (setvbuf)
/opt/devkitpro/devkitARM/bin/../lib/gcc/arm-none-eabi/11.2.0/../../../../arm-none-eabi/lib/libg.a(lib_a-siscanf.o)
                              /opt/devkitpro/libnds/lib/libnds9.a(console.o) (siscanf)
/opt/devkitpro/devkitARM/bin/../lib/gcc/arm-none-eabi/11.2.0/../../../../arm-none-eabi/lib/libg.a(lib_a-stdio.o)
[...]
Memory Configuration

Name             Origin             Length             Attributes
ewram            0x0000000002000000 0x0000000000380000
dtcm             0x0000000002ff0000 0x0000000000004000
vectors          0x0000000001000000 0x0000000000000100
itcm             0x0000000001000100 0x0000000000007f00
*default*        0x0000000000000000 0xffffffffffffffff

Linker script and memory map

                0x0000000002380000                __ewram_end = (ORIGIN (ewram) + LENGTH (ewram))
                0x0000000002380000                __eheap_end = (ORIGIN (ewram) + LENGTH (ewram))
                0x0000000002ff4000                __dtcm_top = (ORIGIN (dtcm) + LENGTH (dtcm))
                0x0000000002ff3ff8                __irq_flags = (__dtcm_top - 0x8)
                0x0000000002ff3ffc                __irq_vector = (__dtcm_top - 0x4)
                0x0000000002ff3f00                __sp_svc = (__dtcm_top - 0x100)
                0x0000000002ff3e00                __sp_irq = (__sp_svc - 0x100)
                0x0000000002ff3d00                __sp_usr = (__sp_irq - 0x100)

.secure         0x0000000002000000      0x800
 *(.secure)
 .secure        0x0000000002000000      0x800 /opt/devkitpro/libnds/lib/libnds9.a(securearea.o)
                0x0000000002000000                __secure_area__

.crt0           0x0000000002000800      0x300
                0x0000000002000800                __text_start = .
 *(.crt0)
 .crt0          0x0000000002000800      0x300 /opt/devkitpro/devkitARM/bin/../lib/gcc/arm-none-eabi/11.2.0/../../../../arm-none-eabi/lib/ds_arm9_crt0.o
                0x0000000002000800                _start
                0x0000000002000b00                . = ALIGN (0x4)

.plt
 *(.plt)

.init           0x0000000002000b00       0x18
 *(SORT_NONE(.init))
 .init          0x0000000002000b00        0xc /opt/devkitpro/devkitARM/bin/../lib/gcc/arm-none-eabi/11.2.0/crti.o
                0x0000000002000b00                _init
 .init          0x0000000002000b0c        0xc /opt/devkitpro/devkitARM/bin/../lib/gcc/arm-none-eabi/11.2.0/crtn.o

.text           0x0000000002000b18    0x12b98
 *(EXCLUDE_FILE(*.twl* *.vectors* *.itcm*) .text)
 .text          0x0000000002000b18      0x2b0 arm9.o
                0x0000000002000bc8                run_test_arm9
 .text          0x0000000002000dc8      0x148 /opt/devkitpro/devkitARM/bin/../lib/gcc/arm-none-eabi/11.2.0/libgcc.a(_divsi3.o)
                0x0000000002000dc8                __aeabi_idiv
                0x0000000002000dc8                __divsi3
                0x0000000002000ef0                __aeabi_idivmod
 .text          0x0000000002000f10        0x4 /opt/devkitpro/devkitARM/bin/../lib/gcc/arm-none-eabi/11.2.0/libgcc.a(_dvmd_tls.o)
                0x0000000002000f10                __aeabi_ldiv0
                0x0000000002000f10                __aeabi_idiv0
 .text          0x0000000002000f14      0x224 /opt/devkitpro/devkitARM/bin/../lib/gcc/arm-none-eabi/11.2.0/../../../../arm-none-eabi/lib/libg.a(lib_a-strcmp.o)
                0x0000000002000f14                strcmp
 .text          0x0000000002001138      0x114 /opt/devkitpro/devkitARM/bin/../lib/gcc/arm-none-eabi/11.2.0/libgcc.a(_udivsi3.o)
                0x0000000002001138                __udivsi3
                0x0000000002001138                __aeabi_uidiv
                0x000000000200122c                __aeabi_uidivmod
 .text          0x000000000200124c      0x424 /opt/devkitpro/devkitARM/bin/../lib/gcc/arm-none-eabi/11.2.0/libgcc.a(_arm_addsubdf3.o)
                0x000000000200124c                __aeabi_drsub
                0x0000000002001254                __aeabi_dsub
                0x0000000002001254                __subdf3
                0x0000000002001258                __adddf3
                0x0000000002001258                __aeabi_dadd
                0x0000000002001568                __aeabi_ui2d
                0x0000000002001568                __floatunsidf
                0x000000000200158c                __floatsidf
                0x000000000200158c                __aeabi_i2d
                0x00000000020015b4                __extendsfdf2
                0x00000000020015b4                __aeabi_f2d
                0x00000000020015fc                __aeabi_ul2d
                0x00000000020015fc                __floatundidf
                0x0000000002001610                __floatdidf
                0x0000000002001610                __aeabi_l2d
 .text          0x0000000002001670      0x49c /opt/devkitpro/devkitARM/bin/../lib/gcc/arm-none-eabi/11.2.0/libgcc.a(_arm_muldivdf3.o)
                0x0000000002001670                __aeabi_dmul
                0x0000000002001670                __muldf3
                0x0000000002001900                __aeabi_ddiv
                0x0000000002001900                __divdf3
 .text          0x0000000002001b0c      0x144 /opt/devkitpro/devkitARM/bin/../lib/gcc/arm-none-eabi/11.2.0/libgcc.a(_arm_cmpdf2.o)
                0x0000000002001b0c                __gtdf2
                0x0000000002001b0c                __gedf2
                0x0000000002001b14                __ltdf2
                0x0000000002001b14                __ledf2
                0x0000000002001b1c                __cmpdf2
                0x0000000002001b1c                __eqdf2
                0x0000000002001b1c                __nedf2
                0x0000000002001ba4                __aeabi_cdrcmple
                0x0000000002001bc0                __aeabi_cdcmple
                0x0000000002001bc0                __aeabi_cdcmpeq
                0x0000000002001bd8                __aeabi_dcmpeq
                0x0000000002001bf0                __aeabi_dcmplt
                0x0000000002001c08                __aeabi_dcmple
                0x0000000002001c20                __aeabi_dcmpge
                0x0000000002001c38                __aeabi_dcmpgt
 .text          0x0000000002001c50       0x38 /opt/devkitpro/devkitARM/bin/../lib/gcc/arm-none-eabi/11.2.0/libgcc.a(_arm_unorddf2.o)
                0x0000000002001c50                __aeabi_dcmpun
                0x0000000002001c50                __unorddf2
 .text          0x0000000002001c88       0x5c /opt/devkitpro/devkitARM/bin/../lib/gcc/arm-none-eabi/11.2.0/libgcc.a(_arm_fixdfsi.o)
                0x0000000002001c88                __fixdfsi
                0x0000000002001c88                __aeabi_d2iz
 .text          0x0000000002001ce4       0x3c /opt/devkitpro/devkitARM/bin/../lib/gcc/arm-none-eabi/11.2.0/libgcc.a(_aeabi_uldivmod.o)
                0x0000000002001ce4                __aeabi_uldivmod
 .text          0x0000000002001d20       0x28 /opt/devkitpro/devkitARM/bin/../lib/gcc/arm-none-eabi/11.2.0/libgcc.a(_clzdi2.o)
                0x0000000002001d20                __clzdi2
 .text          0x0000000002001d48       0x48 /opt/devkitpro/devkitARM/bin/../lib/gcc/arm-none-eabi/11.2.0/libgcc.a(_clzsi2.o)
                0x0000000002001d48                __clzsi2
 *(EXCLUDE_FILE(*.twl* *.vectors* *.itcm*) .stub)
 *(EXCLUDE_FILE(*.twl* *.vectors* *.itcm*) .text.*)
 .text.__do_global_dtors_aux
                0x0000000002001d90       0x40 /opt/devkitpro/devkitARM/bin/../lib/gcc/arm-none-eabi/11.2.0/crtbegin.o
 .text.frame_dummy
                0x0000000002001dd0       0x30 /opt/devkitpro/devkitARM/bin/../lib/gcc/arm-none-eabi/11.2.0/crtbegin.o
 .text.startup  0x0000000002001e00       0x38 main.o
                0x0000000002001e00                main
 .text.newRow   0x0000000002001e38       0xa8 /opt/devkitpro/libnds/lib/libnds9.a(console.o)
 .text.consolePrintChar
                0x0000000002001ee0       0xe0 /opt/devkitpro/libnds/lib/libnds9.a(console.o)
                0x0000000002001ee0                consolePrintChar
 .text.con_write
                0x0000000002001fc0      0x36c /opt/devkitpro/libnds/lib/libnds9.a(console.o)
                0x0000000002001fc0                con_write
 .text.consoleLoadFont
                0x000000000200232c      0x2a0 /opt/devkitpro/libnds/lib/libnds9.a(console.o)
                0x000000000200232c                consoleLoadFont
 .text.consoleInit
                0x00000000020025cc      0x18c /opt/devkitpro/libnds/lib/libnds9.a(console.o)
                0x00000000020025cc                consoleInit
 .text.consoleDemoInit
                0x0000000002002758       0x40 /opt/devkitpro/libnds/lib/libnds9.a(console.o)
                0x0000000002002758                consoleDemoInit
 .text.__syscall_exit
                0x0000000002002798        0x8 /opt/devkitpro/libnds/lib/libnds9.a(initSystem.o)
                0x0000000002002798                __syscall_exit
 .text.initSystem
                0x00000000020027a0      0x180 /opt/devkitpro/libnds/lib/libnds9.a(initSystem.o)
                0x00000000020027a0                initSystem
 .text.irqDummy
                0x0000000002002920        0x4 /opt/devkitpro/libnds/lib/libnds9.a(interrupts.o)
                0x0000000002002920                irqDummy
 .text.irqSet   0x0000000002002924       0x6c /opt/devkitpro/libnds/lib/libnds9.a(interrupts.o)
                0x0000000002002924                irqSet
 .text.irqInit  0x0000000002002990       0x50 /opt/devkitpro/libnds/lib/libnds9.a(interrupts.o)
                0x0000000002002990                irqInit
 .text.irqEnable
                0x00000000020029e0       0x64 /opt/devkitpro/libnds/lib/libnds9.a(interrupts.o)
                0x00000000020029e0                irqEnable
 .text.systemErrorExit
                0x0000000002002a44        0x4 /opt/devkitpro/libnds/lib/libnds9.a(libnds_exit.arm.o)
                0x0000000002002a44                systemErrorExit
 .text.__libnds_exit
                0x0000000002002a48       0x5c /opt/devkitpro/libnds/lib/libnds9.a(libnds_exit.arm.o)
                0x0000000002002a48                __libnds_exit
 .text.fifo_queueBlock
                0x0000000002002aa4       0x44 /opt/devkitpro/libnds/lib/libnds9.a(fifosystem.o)
 .text.fifo_waitBlock
                0x0000000002002ae8       0x80 /opt/devkitpro/libnds/lib/libnds9.a(fifosystem.o)
 .text.fifoInternalSend.part.0
                0x0000000002002b68       0xd4 /opt/devkitpro/libnds/lib/libnds9.a(fifosystem.o)
 .text.fifoInternalSendInterrupt
                0x0000000002002c3c       0xb0 /opt/devkitpro/libnds/lib/libnds9.a(fifosystem.o)
 .text.fifoSetValue32Handler
                0x0000000002002cec       0xd4 /opt/devkitpro/libnds/lib/libnds9.a(fifosystem.o)
                0x0000000002002cec                fifoSetValue32Handler
 .text.fifoSendValue32
                0x0000000002002dc0       0x4c /opt/devkitpro/libnds/lib/libnds9.a(fifosystem.o)
                0x0000000002002dc0                fifoSendValue32
 .text.fifoGetDatamsg
                0x0000000002002e0c       0xf4 /opt/devkitpro/libnds/lib/libnds9.a(fifosystem.o)
                0x0000000002002e0c                fifoGetDatamsg
 .text.fifoInternalRecvInterrupt
                0x0000000002002f00      0x37c /opt/devkitpro/libnds/lib/libnds9.a(fifosystem.o)
 .text.fifoSetDatamsgHandler
                0x000000000200327c       0x9c /opt/devkitpro/libnds/lib/libnds9.a(fifosystem.o)
                0x000000000200327c                fifoSetDatamsgHandler
 .text.fifoInit
                0x0000000002003318      0x108 /opt/devkitpro/libnds/lib/libnds9.a(fifosystem.o)
                0x0000000002003318                fifoInit
 .text.__libnds_mpu_setup
                0x0000000002003420      0x174 /opt/devkitpro/libnds/lib/libnds9.a(mpu_setup.o)
                0x0000000002003420                __libnds_mpu_setup
 .text.memUncached
                0x0000000002003594       0x20 /opt/devkitpro/libnds/lib/libnds9.a(mpu_setup.o)
                0x0000000002003594                memUncached
 .text.swiIntrWait
                0x00000000020035b4       0x70 /opt/devkitpro/libnds/lib/libnds9.a(IntrWait.o)
                0x00000000020035b4                swiIntrWait
 .text.setCpuClock
                0x0000000002003624       0x50 /opt/devkitpro/libnds/lib/libnds9.a(cpu_clock.o)
                0x0000000002003624                setCpuClock
 .text.swiSoftReset
                0x0000000002003674       0x2c /opt/devkitpro/libnds/lib/libnds9.a(swiSoftReset.o)
                0x0000000002003674                swiSoftReset
 .text.checkIfText
                0x00000000020036a0       0x5c /opt/devkitpro/libnds/lib/libnds9.a(background.o)
                0x00000000020036a0                checkIfText
 .text.bgUpdate
                0x00000000020036fc       0xf4 /opt/devkitpro/libnds/lib/libnds9.a(background.o)
                0x00000000020036fc                bgUpdate
 .text.bgInit_call
                0x00000000020037f0       0xc4 /opt/devkitpro/libnds/lib/libnds9.a(background.o)
                0x00000000020037f0                bgInit_call
 .text.bgInitSub_call
                0x00000000020038b4       0xcc /opt/devkitpro/libnds/lib/libnds9.a(background.o)
                0x00000000020038b4                bgInitSub_call
 .text.sinLutLookup
                0x0000000002003980       0x4c /opt/devkitpro/libnds/lib/libnds9.a(trig.o)
                0x0000000002003980                sinLutLookup
 .text.sinLerp  0x00000000020039cc       0x40 /opt/devkitpro/libnds/lib/libnds9.a(trig.o)
                0x00000000020039cc                sinLerp
 .text.cosLerp  0x0000000002003a0c       0x4c /opt/devkitpro/libnds/lib/libnds9.a(trig.o)
                0x0000000002003a0c                cosLerp
 .text.vramDefault
                0x0000000002003a58       0xd0 /opt/devkitpro/libnds/lib/libnds9.a(video.o)
                0x0000000002003a58                vramDefault
 .text.systemValueHandler
                0x0000000002003b28       0x48 /opt/devkitpro/libnds/lib/libnds9.a(system.o)
                0x0000000002003b28                systemValueHandler
 .text.systemMsgHandler
                0x0000000002003b70       0x60 /opt/devkitpro/libnds/lib/libnds9.a(system.o)
                0x0000000002003b70                systemMsgHandler
 .text.powerOn  0x0000000002003bd0       0x2c /opt/devkitpro/libnds/lib/libnds9.a(system.o)
                0x0000000002003bd0                powerOn
 .text.swiDelay
                0x0000000002003bfc        0x4 /opt/devkitpro/libnds/lib/libnds9.a(biosCalls.o)
                0x0000000002003bfc                swiDelay
 .text.__libc_init_array
                0x0000000002003c00       0x88 /opt/devkitpro/devkitARM/bin/../lib/gcc/arm-none-eabi/11.2.0/../../../../arm-none-eabi/lib/libg.a(lib_a-init.o)
                0x0000000002003c00                __libc_init_array
 .text.memcpy   0x0000000002003c88      0x120 /opt/devkitpro/devkitARM/bin/../lib/gcc/arm-none-eabi/11.2.0/../../../../arm-none-eabi/lib/libg.a(lib_a-memcpy-stub.o)
                0x0000000002003c88                memcpy
 .text.memset   0x0000000002003da8      0x11c /opt/devkitpro/devkitARM/bin/../lib/gcc/arm-none-eabi/11.2.0/../../../../arm-none-eabi/lib/libg.a(lib_a-memset.o)
                0x0000000002003da8                memset
 .text.printf   0x0000000002003ec4       0x34 /opt/devkitpro/devkitARM/bin/../lib/gcc/arm-none-eabi/11.2.0/../../../../arm-none-eabi/lib/libg.a(lib_a-printf.o)
                0x0000000002003ec4                printf
 .text.setvbuf  0x0000000002003ef8      0x268 /opt/devkitpro/devkitARM/bin/../lib/gcc/arm-none-eabi/11.2.0/../../../../arm-none-eabi/lib/libg.a(lib_a-setvbuf.o)
                0x0000000002003ef8                setvbuf
 .text.siscanf  0x0000000002004160       0x74 /opt/devkitpro/devkitARM/bin/../lib/gcc/arm-none-eabi/11.2.0/../../../../arm-none-eabi/lib/libg.a(lib_a-siscanf.o)
                0x0000000002004160                siscanf
 .text.__sread  0x00000000020041d4       0x4c /opt/devkitpro/devkitARM/bin/../lib/gcc/arm-none-eabi/11.2.0/../../../../arm-none-eabi/lib/libg.a(lib_a-stdio.o)
                0x00000000020041d4                __sread
 .text.__seofread
                0x0000000002004220        0x8 /opt/devkitpro/devkitARM/bin/../lib/gcc/arm-none-eabi/11.2.0/../../../../arm-none-eabi/lib/libg.a(lib_a-stdio.o)
                0x0000000002004220                __seofread
 .text.__swrite
                0x0000000002004228       0x6c /opt/devkitpro/devkitARM/bin/../lib/gcc/arm-none-eabi/11.2.0/../../../../arm-none-eabi/lib/libg.a(lib_a-stdio.o)
                0x0000000002004228                __swrite
 .text.__sseek  0x0000000002004294       0x4c /opt/devkitpro/devkitARM/bin/../lib/gcc/arm-none-eabi/11.2.0/../../../../arm-none-eabi/lib/libg.a(lib_a-stdio.o)
                0x0000000002004294                __sseek
 .text.__sclose
                0x00000000020042e0       0x14 /opt/devkitpro/devkitARM/bin/../lib/gcc/arm-none-eabi/11.2.0/../../../../arm-none-eabi/lib/libg.a(lib_a-stdio.o)
                0x00000000020042e0                __sclose
 .text.strlen   0x00000000020042f4       0x60 /opt/devkitpro/devkitARM/bin/../lib/gcc/arm-none-eabi/11.2.0/../../../../arm-none-eabi/lib/libg.a(lib_a-strlen-stub.o)
                0x00000000020042f4                strlen
 .text.get_arg  0x0000000002004354       0x54 /opt/devkitpro/devkitARM/bin/../lib/gcc/arm-none-eabi/11.2.0/../../../../arm-none-eabi/lib/libg.a(lib_a-svfiscanf.o)
 .text._sungetc_r
                0x00000000020043a8       0xe4 /opt/devkitpro/devkitARM/bin/../lib/gcc/arm-none-eabi/11.2.0/../../../../arm-none-eabi/lib/libg.a(lib_a-svfiscanf.o)
                0x00000000020043a8                _sungetc_r
 .text.__ssrefill_r
                0x000000000200448c       0x68 /opt/devkitpro/devkitARM/bin/../lib/gcc/arm-none-eabi/11.2.0/../../../../arm-none-eabi/lib/libg.a(lib_a-svfiscanf.o)
                0x000000000200448c                __ssrefill_r
 .text._sfread_r
                0x00000000020044f4       0xcc /opt/devkitpro/devkitARM/bin/../lib/gcc/arm-none-eabi/11.2.0/../../../../arm-none-eabi/lib/libg.a(lib_a-svfiscanf.o)
                0x00000000020044f4                _sfread_r
 .text.__ssvfiscanf_r
                0x00000000020045c0     0x2300 /opt/devkitpro/devkitARM/bin/../lib/gcc/arm-none-eabi/11.2.0/../../../../arm-none-eabi/lib/libg.a(lib_a-svfiscanf.o)
                0x00000000020045c0                __ssvfiscanf_r
 .text.__submore
                0x00000000020068c0       0xb0 /opt/devkitpro/devkitARM/bin/../lib/gcc/arm-none-eabi/11.2.0/../../../../arm-none-eabi/lib/libg.a(lib_a-ungetc.o)
                0x00000000020068c0                __submore
 .text.get_arg  0x0000000002006970      0x628 /opt/devkitpro/devkitARM/bin/../lib/gcc/arm-none-eabi/11.2.0/../../../../arm-none-eabi/lib/libg.a(lib_a-vfiprintf.o)
 .text.__sprint_r
                0x0000000002006f98       0x34 /opt/devkitpro/devkitARM/bin/../lib/gcc/arm-none-eabi/11.2.0/../../../../arm-none-eabi/lib/libg.a(lib_a-vfiprintf.o)
                0x0000000002006f98                __sprint_r
 .text._vfiprintf_r
                0x0000000002006fcc     0x2360 /opt/devkitpro/devkitARM/bin/../lib/gcc/arm-none-eabi/11.2.0/../../../../arm-none-eabi/lib/libg.a(lib_a-vfiprintf.o)
                0x0000000002006fcc                _vfiprintf_r
 .text.__sbprintf
                0x000000000200932c       0xd4 /opt/devkitpro/devkitARM/bin/../lib/gcc/arm-none-eabi/11.2.0/../../../../arm-none-eabi/lib/libg.a(lib_a-vfiprintf.o)
 .text.get_arg  0x0000000002009400      0x628 /opt/devkitpro/devkitARM/bin/../lib/gcc/arm-none-eabi/11.2.0/../../../../arm-none-eabi/lib/libg.a(lib_a-vfprintf.o)
 .text._vfprintf_r
                0x0000000002009a28     0x367c /opt/devkitpro/devkitARM/bin/../lib/gcc/arm-none-eabi/11.2.0/../../../../arm-none-eabi/lib/libg.a(lib_a-vfprintf.o)
                0x0000000002009a28                _vfprintf_r
 .text.__sbprintf
                0x000000000200d0a4       0xd4 /opt/devkitpro/devkitARM/bin/../lib/gcc/arm-none-eabi/11.2.0/../../../../arm-none-eabi/lib/libg.a(lib_a-vfprintf.o)
 .text._wcrtomb_r
                0x000000000200d178       0x5c /opt/devkitpro/devkitARM/bin/../lib/gcc/arm-none-eabi/11.2.0/../../../../arm-none-eabi/lib/libg.a(lib_a-wcrtomb.o)
                0x000000000200d178                _wcrtomb_r
 .text._wcsrtombs_r
                0x000000000200d1d4       0x2c /opt/devkitpro/devkitARM/bin/../lib/gcc/arm-none-eabi/11.2.0/../../../../arm-none-eabi/lib/libg.a(lib_a-wcsrtombs.o)
                0x000000000200d1d4                _wcsrtombs_r
 .text.__swsetup_r
                0x000000000200d200      0x160 /opt/devkitpro/devkitARM/bin/../lib/gcc/arm-none-eabi/11.2.0/../../../../arm-none-eabi/lib/libg.a(lib_a-wsetup.o)
                0x000000000200d200                __swsetup_r
 .text.quorem   0x000000000200d360      0x1cc /opt/devkitpro/devkitARM/bin/../lib/gcc/arm-none-eabi/11.2.0/../../../../arm-none-eabi/lib/libg.a(lib_a-dtoa.o)
 *fill*         0x000000000200d52c        0x4 ff
 .text._dtoa_r  0x000000000200d530     0x16ac /opt/devkitpro/devkitARM/bin/../lib/gcc/arm-none-eabi/11.2.0/../../../../arm-none-eabi/lib/libg.a(lib_a-dtoa.o)
                0x000000000200d530                _dtoa_r
 .text.__sflush_r
                0x000000000200ebdc      0x280 /opt/devkitpro/devkitARM/bin/../lib/gcc/arm-none-eabi/11.2.0/../../../../arm-none-eabi/lib/libg.a(lib_a-fflush.o)
                0x000000000200ebdc                __sflush_r
 .text._fflush_r
                0x000000000200ee5c       0x9c /opt/devkitpro/devkitARM/bin/../lib/gcc/arm-none-eabi/11.2.0/../../../../arm-none-eabi/lib/libg.a(lib_a-fflush.o)
                0x000000000200ee5c                _fflush_r
 .text._cleanup_r
                0x000000000200eef8       0x18 /opt/devkitpro/devkitARM/bin/../lib/gcc/arm-none-eabi/11.2.0/../../../../arm-none-eabi/lib/libg.a(lib_a-findfp.o)
                0x000000000200eef8                _cleanup_r
 .text.__sinit  0x000000000200ef10      0x18c /opt/devkitpro/devkitARM/bin/../lib/gcc/arm-none-eabi/11.2.0/../../../../arm-none-eabi/lib/libg.a(lib_a-findfp.o)
                0x000000000200ef10                __sinit
 .text.__sfp_lock_acquire
                0x000000000200f09c       0x18 /opt/devkitpro/devkitARM/bin/../lib/gcc/arm-none-eabi/11.2.0/../../../../arm-none-eabi/lib/libg.a(lib_a-findfp.o)
                0x000000000200f09c                __sfp_lock_acquire
 .text.__sfp_lock_release
                0x000000000200f0b4       0x18 /opt/devkitpro/devkitARM/bin/../lib/gcc/arm-none-eabi/11.2.0/../../../../arm-none-eabi/lib/libg.a(lib_a-findfp.o)
                0x000000000200f0b4                __sfp_lock_release
 .text._malloc_trim_r
                0x000000000200f0cc      0x100 /opt/devkitpro/devkitARM/bin/../lib/gcc/arm-none-eabi/11.2.0/../../../../arm-none-eabi/lib/libg.a(lib_a-freer.o)
                0x000000000200f0cc                _malloc_trim_r
 .text._free_r  0x000000000200f1cc      0x2e0 /opt/devkitpro/devkitARM/bin/../lib/gcc/arm-none-eabi/11.2.0/../../../../arm-none-eabi/lib/libg.a(lib_a-freer.o)
                0x000000000200f1cc                _free_r
 .text.__sfvwrite_r
                0x000000000200f4ac      0x4e8 /opt/devkitpro/devkitARM/bin/../lib/gcc/arm-none-eabi/11.2.0/../../../../arm-none-eabi/lib/libg.a(lib_a-fvwrite.o)
                0x000000000200f4ac                __sfvwrite_r
 .text._fwalk_reent
                0x000000000200f994       0x78 /opt/devkitpro/devkitARM/bin/../lib/gcc/arm-none-eabi/11.2.0/../../../../arm-none-eabi/lib/libg.a(lib_a-fwalk.o)
                0x000000000200f994                _fwalk_reent
 .text.iswspace
                0x000000000200fa0c       0x14 /opt/devkitpro/devkitARM/bin/../lib/gcc/arm-none-eabi/11.2.0/../../../../arm-none-eabi/lib/libg.a(lib_a-iswspace.o)
                0x000000000200fa0c                iswspace
 .text._localeconv_r
                0x000000000200fa20        0xc /opt/devkitpro/devkitARM/bin/../lib/gcc/arm-none-eabi/11.2.0/../../../../arm-none-eabi/lib/libg.a(lib_a-localeconv.o)
                0x000000000200fa20                _localeconv_r
 .text.__locale_mb_cur_max
                0x000000000200fa2c       0x10 /opt/devkitpro/devkitARM/bin/../lib/gcc/arm-none-eabi/11.2.0/../../../../arm-none-eabi/lib/libg.a(lib_a-locale.o)
                0x000000000200fa2c                __locale_mb_cur_max
 .text.__smakebuf_r
                0x000000000200fa3c      0x144 /opt/devkitpro/devkitARM/bin/../lib/gcc/arm-none-eabi/11.2.0/../../../../arm-none-eabi/lib/libg.a(lib_a-makebuf.o)
                0x000000000200fa3c                __smakebuf_r
 .text.__swhatbuf_r
                0x000000000200fb80       0x80 /opt/devkitpro/devkitARM/bin/../lib/gcc/arm-none-eabi/11.2.0/../../../../arm-none-eabi/lib/libg.a(lib_a-makebuf.o)
                0x000000000200fb80                __swhatbuf_r
 .text.malloc   0x000000000200fc00       0x1c /opt/devkitpro/devkitARM/bin/../lib/gcc/arm-none-eabi/11.2.0/../../../../arm-none-eabi/lib/libg.a(lib_a-malloc.o)
                0x000000000200fc00                malloc
 .text.free     0x000000000200fc1c       0x1c /opt/devkitpro/devkitARM/bin/../lib/gcc/arm-none-eabi/11.2.0/../../../../arm-none-eabi/lib/libg.a(lib_a-malloc.o)
                0x000000000200fc1c                free
 .text._malloc_r
                0x000000000200fc38      0x7f0 /opt/devkitpro/devkitARM/bin/../lib/gcc/arm-none-eabi/11.2.0/../../../../arm-none-eabi/lib/libg.a(lib_a-mallocr.o)
                0x000000000200fc38                _malloc_r
 .text._mbrtowc_r
                0x0000000002010428       0x70 /opt/devkitpro/devkitARM/bin/../lib/gcc/arm-none-eabi/11.2.0/../../../../arm-none-eabi/lib/libg.a(lib_a-mbrtowc.o)
                0x0000000002010428                _mbrtowc_r
 .text.__utf8_mbtowc
                0x0000000002010498      0x308 /opt/devkitpro/devkitARM/bin/../lib/gcc/arm-none-eabi/11.2.0/../../../../arm-none-eabi/lib/libg.a(lib_a-mbtowc_r.o)
                0x0000000002010498                __utf8_mbtowc
 .text.memchr   0x00000000020107a0       0xf8 /opt/devkitpro/devkitARM/bin/../lib/gcc/arm-none-eabi/11.2.0/../../../../arm-none-eabi/lib/libg.a(lib_a-memchr-stub.o)
                0x00000000020107a0                memchr
 .text.memmove  0x0000000002010898      0x158 /opt/devkitpro/devkitARM/bin/../lib/gcc/arm-none-eabi/11.2.0/../../../../arm-none-eabi/lib/libg.a(lib_a-memmove.o)
                0x0000000002010898                memmove
 .text.__malloc_lock
                0x00000000020109f0       0x18 /opt/devkitpro/devkitARM/bin/../lib/gcc/arm-none-eabi/11.2.0/../../../../arm-none-eabi/lib/libg.a(lib_a-mlock.o)
                0x00000000020109f0                __malloc_lock
 .text.__malloc_unlock
                0x0000000002010a08       0x18 /opt/devkitpro/devkitARM/bin/../lib/gcc/arm-none-eabi/11.2.0/../../../../arm-none-eabi/lib/libg.a(lib_a-mlock.o)
                0x0000000002010a08                __malloc_unlock
 .text._Balloc  0x0000000002010a20       0x8c /opt/devkitpro/devkitARM/bin/../lib/gcc/arm-none-eabi/11.2.0/../../../../arm-none-eabi/lib/libg.a(lib_a-mprec.o)
                0x0000000002010a20                _Balloc
 .text._Bfree   0x0000000002010aac       0x1c /opt/devkitpro/devkitARM/bin/../lib/gcc/arm-none-eabi/11.2.0/../../../../arm-none-eabi/lib/libg.a(lib_a-mprec.o)
                0x0000000002010aac                _Bfree
 .text.__multadd
                0x0000000002010ac8      0x100 /opt/devkitpro/devkitARM/bin/../lib/gcc/arm-none-eabi/11.2.0/../../../../arm-none-eabi/lib/libg.a(lib_a-mprec.o)
                0x0000000002010ac8                __multadd
 .text.__hi0bits
                0x0000000002010bc8       0x58 /opt/devkitpro/devkitARM/bin/../lib/gcc/arm-none-eabi/11.2.0/../../../../arm-none-eabi/lib/libg.a(lib_a-mprec.o)
                0x0000000002010bc8                __hi0bits
 .text.__lo0bits
                0x0000000002010c20       0xa0 /opt/devkitpro/devkitARM/bin/../lib/gcc/arm-none-eabi/11.2.0/../../../../arm-none-eabi/lib/libg.a(lib_a-mprec.o)
                0x0000000002010c20                __lo0bits
 .text.__i2b    0x0000000002010cc0       0xa8 /opt/devkitpro/devkitARM/bin/../lib/gcc/arm-none-eabi/11.2.0/../../../../arm-none-eabi/lib/libg.a(lib_a-mprec.o)
                0x0000000002010cc0                __i2b
 .text.__multiply
                0x0000000002010d68      0x214 /opt/devkitpro/devkitARM/bin/../lib/gcc/arm-none-eabi/11.2.0/../../../../arm-none-eabi/lib/libg.a(lib_a-mprec.o)
                0x0000000002010d68                __multiply
 .text.__pow5mult
                0x0000000002010f7c      0x124 /opt/devkitpro/devkitARM/bin/../lib/gcc/arm-none-eabi/11.2.0/../../../../arm-none-eabi/lib/libg.a(lib_a-mprec.o)
                0x0000000002010f7c                __pow5mult
 .text.__lshift
                0x00000000020110a0      0x140 /opt/devkitpro/devkitARM/bin/../lib/gcc/arm-none-eabi/11.2.0/../../../../arm-none-eabi/lib/libg.a(lib_a-mprec.o)
                0x00000000020110a0                __lshift
 .text.__mcmp   0x00000000020111e0       0x60 /opt/devkitpro/devkitARM/bin/../lib/gcc/arm-none-eabi/11.2.0/../../../../arm-none-eabi/lib/libg.a(lib_a-mprec.o)
                0x00000000020111e0                __mcmp
 .text.__mdiff  0x0000000002011240      0x1f8 /opt/devkitpro/devkitARM/bin/../lib/gcc/arm-none-eabi/11.2.0/../../../../arm-none-eabi/lib/libg.a(lib_a-mprec.o)
                0x0000000002011240                __mdiff
 .text.__d2b    0x0000000002011438      0x12c /opt/devkitpro/devkitARM/bin/../lib/gcc/arm-none-eabi/11.2.0/../../../../arm-none-eabi/lib/libg.a(lib_a-mprec.o)
                0x0000000002011438                __d2b
 .text.realloc  0x0000000002011564       0x24 /opt/devkitpro/devkitARM/bin/../lib/gcc/arm-none-eabi/11.2.0/../../../../arm-none-eabi/lib/libg.a(lib_a-realloc.o)
                0x0000000002011564                realloc
 .text._realloc_r
                0x0000000002011588      0x570 /opt/devkitpro/devkitARM/bin/../lib/gcc/arm-none-eabi/11.2.0/../../../../arm-none-eabi/lib/libg.a(lib_a-reallocr.o)
                0x0000000002011588                _realloc_r
 .text.__sccl   0x0000000002011af8       0xe4 /opt/devkitpro/devkitARM/bin/../lib/gcc/arm-none-eabi/11.2.0/../../../../arm-none-eabi/lib/libg.a(lib_a-sccl.o)
                0x0000000002011af8                __sccl
 .text.frexp    0x0000000002011bdc       0xa4 /opt/devkitpro/devkitARM/bin/../lib/gcc/arm-none-eabi/11.2.0/../../../../arm-none-eabi/lib/libg.a(lib_a-s_frexp.o)
                0x0000000002011bdc                frexp
 .text.strncpy  0x0000000002011c80       0xcc /opt/devkitpro/devkitARM/bin/../lib/gcc/arm-none-eabi/11.2.0/../../../../arm-none-eabi/lib/libg.a(lib_a-strncpy.o)
                0x0000000002011c80                strncpy
 .text._strtoll_l.constprop.0
                0x0000000002011d4c      0x230 /opt/devkitpro/devkitARM/bin/../lib/gcc/arm-none-eabi/11.2.0/../../../../arm-none-eabi/lib/libg.a(lib_a-strtoll.o)
 .text._strtoll_r
                0x0000000002011f7c        0x4 /opt/devkitpro/devkitARM/bin/../lib/gcc/arm-none-eabi/11.2.0/../../../../arm-none-eabi/lib/libg.a(lib_a-strtoll.o)
                0x0000000002011f7c                _strtoll_r
 .text._strtol_l.part.0
                0x0000000002011f80      0x1a8 /opt/devkitpro/devkitARM/bin/../lib/gcc/arm-none-eabi/11.2.0/../../../../arm-none-eabi/lib/libg.a(lib_a-strtol.o)
 .text._strtol_r
                0x0000000002012128       0x3c /opt/devkitpro/devkitARM/bin/../lib/gcc/arm-none-eabi/11.2.0/../../../../arm-none-eabi/lib/libg.a(lib_a-strtol.o)
                0x0000000002012128                _strtol_r
 .text._strtoull_l.constprop.0
                0x0000000002012164      0x248 /opt/devkitpro/devkitARM/bin/../lib/gcc/arm-none-eabi/11.2.0/../../../../arm-none-eabi/lib/libg.a(lib_a-strtoull.o)
 .text._strtoull_r
                0x00000000020123ac        0x4 /opt/devkitpro/devkitARM/bin/../lib/gcc/arm-none-eabi/11.2.0/../../../../arm-none-eabi/lib/libg.a(lib_a-strtoull.o)
                0x00000000020123ac                _strtoull_r
 .text._strtoul_l.constprop.0
                0x00000000020123b0      0x1c8 /opt/devkitpro/devkitARM/bin/../lib/gcc/arm-none-eabi/11.2.0/../../../../arm-none-eabi/lib/libg.a(lib_a-strtoul.o)
 .text._strtoul_r
                0x0000000002012578        0x4 /opt/devkitpro/devkitARM/bin/../lib/gcc/arm-none-eabi/11.2.0/../../../../arm-none-eabi/lib/libg.a(lib_a-strtoul.o)
                0x0000000002012578                _strtoul_r
 .text._wcsnrtombs_l
                0x000000000201257c      0x1a0 /opt/devkitpro/devkitARM/bin/../lib/gcc/arm-none-eabi/11.2.0/../../../../arm-none-eabi/lib/libg.a(lib_a-wcsnrtombs.o)
                0x000000000201257c                _wcsnrtombs_l
 .text._wcsnrtombs_r
                0x000000000201271c       0x50 /opt/devkitpro/devkitARM/bin/../lib/gcc/arm-none-eabi/11.2.0/../../../../arm-none-eabi/lib/libg.a(lib_a-wcsnrtombs.o)
                0x000000000201271c                _wcsnrtombs_r
 .text.__utf8_wctomb
                0x000000000201276c       0xf4 /opt/devkitpro/devkitARM/bin/../lib/gcc/arm-none-eabi/11.2.0/../../../../arm-none-eabi/lib/libg.a(lib_a-wctomb_r.o)
                0x000000000201276c                __utf8_wctomb
 .text.__assert_func
                0x0000000002012860       0x5c /opt/devkitpro/devkitARM/bin/../lib/gcc/arm-none-eabi/11.2.0/../../../../arm-none-eabi/lib/libg.a(lib_a-assert.o)
                0x0000000002012860                __assert_func
 .text._calloc_r
                0x00000000020128bc       0xc8 /opt/devkitpro/devkitARM/bin/../lib/gcc/arm-none-eabi/11.2.0/../../../../arm-none-eabi/lib/libg.a(lib_a-callocr.o)
                0x00000000020128bc                _calloc_r
 .text.__errno  0x0000000002012984       0x10 /opt/devkitpro/devkitARM/bin/../lib/gcc/arm-none-eabi/11.2.0/../../../../arm-none-eabi/lib/libg.a(lib_a-errno.o)
                0x0000000002012984                __errno
 .text._fclose_r
                0x0000000002012994      0x16c /opt/devkitpro/devkitARM/bin/../lib/gcc/arm-none-eabi/11.2.0/../../../../arm-none-eabi/lib/libg.a(lib_a-fclose.o)
                0x0000000002012994                _fclose_r
 .text.fiprintf
                0x0000000002012b00       0x3c /opt/devkitpro/devkitARM/bin/../lib/gcc/arm-none-eabi/11.2.0/../../../../arm-none-eabi/lib/libg.a(lib_a-fiprintf.o)
                0x0000000002012b00                fiprintf
 .text.iswspace_l
                0x0000000002012b3c       0x44 /opt/devkitpro/devkitARM/bin/../lib/gcc/arm-none-eabi/11.2.0/../../../../arm-none-eabi/lib/libg.a(lib_a-iswspace_l.o)
                0x0000000002012b3c                iswspace_l
 .text.__jp2uc  0x0000000002012b80      0x1e4 /opt/devkitpro/devkitARM/bin/../lib/gcc/arm-none-eabi/11.2.0/../../../../arm-none-eabi/lib/libg.a(lib_a-jp2uc.o)
 .text._jp2uc_l
                0x0000000002012d64       0x94 /opt/devkitpro/devkitARM/bin/../lib/gcc/arm-none-eabi/11.2.0/../../../../arm-none-eabi/lib/libg.a(lib_a-jp2uc.o)
                0x0000000002012d64                _jp2uc_l
 .text.abort    0x0000000002012df8       0x14 /opt/devkitpro/devkitARM/bin/../lib/gcc/arm-none-eabi/11.2.0/../../../../arm-none-eabi/lib/libg.a(lib_a-abort.o)
                0x0000000002012df8                abort
 .text.category
                0x0000000002012e0c       0x8c /opt/devkitpro/devkitARM/bin/../lib/gcc/arm-none-eabi/11.2.0/../../../../arm-none-eabi/lib/libg.a(lib_a-categories.o)
                0x0000000002012e0c                category
 .text._raise_r
                0x0000000002012e98       0x98 /opt/devkitpro/devkitARM/bin/../lib/gcc/arm-none-eabi/11.2.0/../../../../arm-none-eabi/lib/libg.a(lib_a-signal.o)
                0x0000000002012e98                _raise_r
 .text.raise    0x0000000002012f30       0x18 /opt/devkitpro/devkitARM/bin/../lib/gcc/arm-none-eabi/11.2.0/../../../../arm-none-eabi/lib/libg.a(lib_a-signal.o)
                0x0000000002012f30                raise
 .text.null_write
                0x0000000002012f48        0x8 /opt/devkitpro/devkitARM/bin/../lib/gcc/arm-none-eabi/11.2.0/../../../../arm-none-eabi/lib/libsysbase.a(iosupport.o)
 .text._fstat_r
                0x0000000002012f50       0x7c /opt/devkitpro/devkitARM/bin/../lib/gcc/arm-none-eabi/11.2.0/../../../../arm-none-eabi/lib/libsysbase.a(fstat.o)
                0x0000000002012f50                _fstat_r
 .text._getpid_r
                0x0000000002012fcc       0x14 /opt/devkitpro/devkitARM/bin/../lib/gcc/arm-none-eabi/11.2.0/../../../../arm-none-eabi/lib/libsysbase.a(getpid.o)
                0x0000000002012fcc                _getpid_r
 .text._isatty_r
                0x0000000002012fe0        0x8 /opt/devkitpro/devkitARM/bin/../lib/gcc/arm-none-eabi/11.2.0/../../../../arm-none-eabi/lib/libsysbase.a(isatty.o)
                0x0000000002012fe0                _isatty_r
 .text._kill_r  0x0000000002012fe8       0x14 /opt/devkitpro/devkitARM/bin/../lib/gcc/arm-none-eabi/11.2.0/../../../../arm-none-eabi/lib/libsysbase.a(kill.o)
                0x0000000002012fe8                _kill_r
 .text._lseek_r
                0x0000000002012ffc       0x88 /opt/devkitpro/devkitARM/bin/../lib/gcc/arm-none-eabi/11.2.0/../../../../arm-none-eabi/lib/libsysbase.a(lseek.o)
                0x0000000002012ffc                _lseek_r
 .text._read_r  0x0000000002013084       0x84 /opt/devkitpro/devkitARM/bin/../lib/gcc/arm-none-eabi/11.2.0/../../../../arm-none-eabi/lib/libsysbase.a(read.o)
                0x0000000002013084                _read_r
 .text._sbrk_r  0x0000000002013108       0x7c /opt/devkitpro/devkitARM/bin/../lib/gcc/arm-none-eabi/11.2.0/../../../../arm-none-eabi/lib/libsysbase.a(sbrk.o)
                0x0000000002013108                _sbrk_r
 .text._write_r
                0x0000000002013184       0x84 /opt/devkitpro/devkitARM/bin/../lib/gcc/arm-none-eabi/11.2.0/../../../../arm-none-eabi/lib/libsysbase.a(write.o)
                0x0000000002013184                _write_r
 .text._exit    0x0000000002013208       0x20 /opt/devkitpro/devkitARM/bin/../lib/gcc/arm-none-eabi/11.2.0/../../../../arm-none-eabi/lib/libsysbase.a(_exit.o)
                0x0000000002013208                _exit
 .text.build_argv
                0x0000000002013228       0x80 /opt/devkitpro/devkitARM/bin/../lib/gcc/arm-none-eabi/11.2.0/../../../../arm-none-eabi/lib/libsysbase.a(build_argv.o)
                0x0000000002013228                build_argv
 .text.__flockfile
                0x00000000020132a8       0x14 /opt/devkitpro/devkitARM/bin/../lib/gcc/arm-none-eabi/11.2.0/../../../../arm-none-eabi/lib/libsysbase.a(flock.o)
                0x00000000020132a8                __flockfile
 .text.__funlockfile
                0x00000000020132bc       0x14 /opt/devkitpro/devkitARM/bin/../lib/gcc/arm-none-eabi/11.2.0/../../../../arm-none-eabi/lib/libsysbase.a(flock.o)
                0x00000000020132bc                __funlockfile
 .text.__get_handle
                0x00000000020132d0       0x40 /opt/devkitpro/devkitARM/bin/../lib/gcc/arm-none-eabi/11.2.0/../../../../arm-none-eabi/lib/libsysbase.a(handle_manager.o)
                0x00000000020132d0                __get_handle
 .text._close_r
                0x0000000002013310       0xfc /opt/devkitpro/devkitARM/bin/../lib/gcc/arm-none-eabi/11.2.0/../../../../arm-none-eabi/lib/libsysbase.a(handle_manager.o)
                0x0000000002013310                _close_r
 .text.__getreent
                0x000000000201340c       0x30 /opt/devkitpro/devkitARM/bin/../lib/gcc/arm-none-eabi/11.2.0/../../../../arm-none-eabi/lib/libsysbase.a(getreent.o)
                0x000000000201340c                __getreent
 .text.__libc_lock_acquire
                0x000000000201343c       0x20 /opt/devkitpro/devkitARM/bin/../lib/gcc/arm-none-eabi/11.2.0/../../../../arm-none-eabi/lib/libsysbase.a(syscall_support.o)
                0x000000000201343c                __libc_lock_acquire
 .text.__libc_lock_release
                0x000000000201345c       0x20 /opt/devkitpro/devkitARM/bin/../lib/gcc/arm-none-eabi/11.2.0/../../../../arm-none-eabi/lib/libsysbase.a(syscall_support.o)
                0x000000000201345c                __libc_lock_release
 .text.__libc_lock_init_recursive
                0x000000000201347c       0x20 /opt/devkitpro/devkitARM/bin/../lib/gcc/arm-none-eabi/11.2.0/../../../../arm-none-eabi/lib/libsysbase.a(syscall_support.o)
                0x000000000201347c                __libc_lock_init_recursive
 .text.__libc_lock_acquire_recursive
                0x000000000201349c       0x20 /opt/devkitpro/devkitARM/bin/../lib/gcc/arm-none-eabi/11.2.0/../../../../arm-none-eabi/lib/libsysbase.a(syscall_support.o)
                0x000000000201349c                __libc_lock_acquire_recursive
 .text.__libc_lock_release_recursive
                0x00000000020134bc       0x20 /opt/devkitpro/devkitARM/bin/../lib/gcc/arm-none-eabi/11.2.0/../../../../arm-none-eabi/lib/libsysbase.a(syscall_support.o)
                0x00000000020134bc                __libc_lock_release_recursive
 .text.__libc_lock_close_recursive
                0x00000000020134dc       0x20 /opt/devkitpro/devkitARM/bin/../lib/gcc/arm-none-eabi/11.2.0/../../../../arm-none-eabi/lib/libsysbase.a(syscall_support.o)
                0x00000000020134dc                __libc_lock_close_recursive
 .text.__udivmoddi4
                0x00000000020134fc      0x128 /opt/devkitpro/devkitARM/bin/../lib/gcc/arm-none-eabi/11.2.0/libgcc.a(_udivmoddi4.o)
                0x00000000020134fc                __udivmoddi4
 *fill*         0x0000000002013624        0x4 ff
 .text.__udivmoddi4.__stub
                0x0000000002013628       0x7c linker stubs
 *(EXCLUDE_FILE(*.twl*) .gnu.warning)
 *(EXCLUDE_FILE(*.twl*) .gnu.linkonce.t*)
 *(.glue_7)
 .glue_7        0x00000000020136b0        0x0 linker stubs
 *(.glue_7t)
 .glue_7t       0x00000000020136b0        0x0 linker stubs
                0x00000000020136b0                . = ALIGN (0x4)

.vfp11_veneer   0x00000000020136b0        0x0
 .vfp11_veneer  0x00000000020136b0        0x0 linker stubs

.v4_bx          0x00000000020136b0        0x0
 .v4_bx         0x00000000020136b0        0x0 linker stubs

.iplt           0x00000000020136b0        0x0
 .iplt          0x00000000020136b0        0x0 /opt/devkitpro/devkitARM/bin/../lib/gcc/arm-none-eabi/11.2.0/../../../../arm-none-eabi/lib/ds_arm9_crt0.o

.fini           0x00000000020136b0       0x18
 *(.fini)
 .fini          0x00000000020136b0        0xc /opt/devkitpro/devkitARM/bin/../lib/gcc/arm-none-eabi/11.2.0/crti.o
                0x00000000020136b0                _fini
 .fini          0x00000000020136bc        0xc /opt/devkitpro/devkitARM/bin/../lib/gcc/arm-none-eabi/11.2.0/crtn.o
                0x00000000020136c8                __text_end = .

.rodata         0x00000000020136c8     0x8f90
 *(EXCLUDE_FILE(*.twl*) .rodata)
 *all.rodata*(*)
 *(EXCLUDE_FILE(*.twl*) .roda)
 *(EXCLUDE_FILE(*.twl*) .rodata.*)
 .rodata.str1.4
                0x00000000020136c8       0x1d main.o
 *fill*         0x00000000020136e5        0x3 ff
 .rodata.con_write.str1.4
                0x00000000020136e8       0x30 /opt/devkitpro/libnds/lib/libnds9.a(console.o)
 .rodata.con_write
                0x0000000002013718       0xd4 /opt/devkitpro/libnds/lib/libnds9.a(console.o)
 .rodata.str1.4
                0x00000000020137ec       0x14 /opt/devkitpro/libnds/lib/libnds9.a(console.o)
 .rodata.dotab_stdout
                0x0000000002013800       0x70 /opt/devkitpro/libnds/lib/libnds9.a(console.o)
 .rodata.default_font_bin
                0x0000000002013870     0x2000 /opt/devkitpro/libnds/lib/libnds9.a(default_font.bin.o)
                0x0000000002013870                default_font_bin
                0x0000000002015870                default_font_bin_end
 .rodata.SIN_LUT
                0x0000000002015870      0x102 /opt/devkitpro/libnds/lib/libnds9.a(trig.o)
                0x0000000002015870                SIN_LUT
 *fill*         0x0000000002015972        0x2 ff
 .rodata.basefix.0
                0x0000000002015974       0x22 /opt/devkitpro/devkitARM/bin/../lib/gcc/arm-none-eabi/11.2.0/../../../../arm-none-eabi/lib/libg.a(lib_a-svfiscanf.o)
 .rodata._vfiprintf_r.str1.1
                0x0000000002015996       0x29 /opt/devkitpro/devkitARM/bin/../lib/gcc/arm-none-eabi/11.2.0/../../../../arm-none-eabi/lib/libg.a(lib_a-vfiprintf.o)
 *fill*         0x00000000020159bf        0x1 ff
 .rodata.blanks.1
                0x00000000020159c0       0x10 /opt/devkitpro/devkitARM/bin/../lib/gcc/arm-none-eabi/11.2.0/../../../../arm-none-eabi/lib/libg.a(lib_a-vfiprintf.o)
 .rodata.zeroes.0
                0x00000000020159d0       0x10 /opt/devkitpro/devkitARM/bin/../lib/gcc/arm-none-eabi/11.2.0/../../../../arm-none-eabi/lib/libg.a(lib_a-vfiprintf.o)
 .rodata._vfprintf_r.str1.1
                0x00000000020159e0       0x12 /opt/devkitpro/devkitARM/bin/../lib/gcc/arm-none-eabi/11.2.0/../../../../arm-none-eabi/lib/libg.a(lib_a-vfprintf.o)
                                         0x3b (size before relaxing)
 *fill*         0x00000000020159f2        0x2 ff
 .rodata.blanks.1
                0x00000000020159f4       0x10 /opt/devkitpro/devkitARM/bin/../lib/gcc/arm-none-eabi/11.2.0/../../../../arm-none-eabi/lib/libg.a(lib_a-vfprintf.o)
 .rodata.zeroes.0
                0x0000000002015a04       0x10 /opt/devkitpro/devkitARM/bin/../lib/gcc/arm-none-eabi/11.2.0/../../../../arm-none-eabi/lib/libg.a(lib_a-vfprintf.o)
 .rodata._ctype_
                0x0000000002015a14      0x101 /opt/devkitpro/devkitARM/bin/../lib/gcc/arm-none-eabi/11.2.0/../../../../arm-none-eabi/lib/libg.a(lib_a-ctype_.o)
                0x0000000002015a14                _ctype_
 *fill*         0x0000000002015b15        0x3 ff
 .rodata._dtoa_r.str1.4
                0x0000000002015b18       0x61 /opt/devkitpro/devkitARM/bin/../lib/gcc/arm-none-eabi/11.2.0/../../../../arm-none-eabi/lib/libg.a(lib_a-dtoa.o)
 *fill*         0x0000000002015b79        0x3 ff
 .rodata.str1.4
                0x0000000002015b7c       0x48 /opt/devkitpro/devkitARM/bin/../lib/gcc/arm-none-eabi/11.2.0/../../../../arm-none-eabi/lib/libg.a(lib_a-locale.o)
                                         0x4c (size before relaxing)
 .rodata._mbrtowc_r.str1.4
                0x0000000002015bc4        0x1 /opt/devkitpro/devkitARM/bin/../lib/gcc/arm-none-eabi/11.2.0/../../../../arm-none-eabi/lib/libg.a(lib_a-mbrtowc.o)
 .rodata.__multadd.str1.4
                0x0000000002015bc4       0x3a /opt/devkitpro/devkitARM/bin/../lib/gcc/arm-none-eabi/11.2.0/../../../../arm-none-eabi/lib/libg.a(lib_a-mprec.o)
                                         0x4e (size before relaxing)
 *fill*         0x0000000002015bfe        0x2 ff
 .rodata.__mprec_bigtens
                0x0000000002015c00       0x28 /opt/devkitpro/devkitARM/bin/../lib/gcc/arm-none-eabi/11.2.0/../../../../arm-none-eabi/lib/libg.a(lib_a-mprec.o)
                0x0000000002015c00                __mprec_bigtens
 .rodata.__mprec_tens
                0x0000000002015c28       0xc8 /opt/devkitpro/devkitARM/bin/../lib/gcc/arm-none-eabi/11.2.0/../../../../arm-none-eabi/lib/libg.a(lib_a-mprec.o)
                0x0000000002015c28                __mprec_tens
 .rodata.p05.0  0x0000000002015cf0        0xc /opt/devkitpro/devkitARM/bin/../lib/gcc/arm-none-eabi/11.2.0/../../../../arm-none-eabi/lib/libg.a(lib_a-mprec.o)
 .rodata.__action_table
                0x0000000002015cfc       0x6c /opt/devkitpro/devkitARM/bin/../lib/gcc/arm-none-eabi/11.2.0/../../../../arm-none-eabi/lib/libg.a(lib_a-svfiprintf.o)
                0x0000000002015cfc                __action_table
 .rodata.__chclass
                0x0000000002015d68      0x100 /opt/devkitpro/devkitARM/bin/../lib/gcc/arm-none-eabi/11.2.0/../../../../arm-none-eabi/lib/libg.a(lib_a-svfiprintf.o)
                0x0000000002015d68                __chclass
 .rodata.__state_table
                0x0000000002015e68       0x6c /opt/devkitpro/devkitARM/bin/../lib/gcc/arm-none-eabi/11.2.0/../../../../arm-none-eabi/lib/libg.a(lib_a-svfiprintf.o)
                0x0000000002015e68                __state_table
 .rodata.__assert_func.str1.4
                0x0000000002015ed4       0x3f /opt/devkitpro/devkitARM/bin/../lib/gcc/arm-none-eabi/11.2.0/../../../../arm-none-eabi/lib/libg.a(lib_a-assert.o)
                                         0x43 (size before relaxing)
 *fill*         0x0000000002015f13        0x1 ff
 .rodata._jp2uc_l.str1.4
                0x0000000002015f14       0x12 /opt/devkitpro/devkitARM/bin/../lib/gcc/arm-none-eabi/11.2.0/../../../../arm-none-eabi/lib/libg.a(lib_a-jp2uc.o)
 *fill*         0x0000000002015f26        0x2 ff
 .rodata.a1     0x0000000002015f28       0xbc /opt/devkitpro/devkitARM/bin/../lib/gcc/arm-none-eabi/11.2.0/../../../../arm-none-eabi/lib/libg.a(lib_a-jp2uc.o)
 .rodata.a2     0x0000000002015fe4       0xbc /opt/devkitpro/devkitARM/bin/../lib/gcc/arm-none-eabi/11.2.0/../../../../arm-none-eabi/lib/libg.a(lib_a-jp2uc.o)
 .rodata.a3     0x00000000020160a0       0x5b /opt/devkitpro/devkitARM/bin/../lib/gcc/arm-none-eabi/11.2.0/../../../../arm-none-eabi/lib/libg.a(lib_a-jp2uc.o)
 *fill*         0x00000000020160fb        0x1 ff
 .rodata.a6     0x00000000020160fc       0x70 /opt/devkitpro/devkitARM/bin/../lib/gcc/arm-none-eabi/11.2.0/../../../../arm-none-eabi/lib/libg.a(lib_a-jp2uc.o)
 .rodata.a7     0x000000000201616c       0xa2 /opt/devkitpro/devkitARM/bin/../lib/gcc/arm-none-eabi/11.2.0/../../../../arm-none-eabi/lib/libg.a(lib_a-jp2uc.o)
 *fill*         0x000000000201620e        0x2 ff
 .rodata.a8     0x0000000002016210       0x40 /opt/devkitpro/devkitARM/bin/../lib/gcc/arm-none-eabi/11.2.0/../../../../arm-none-eabi/lib/libg.a(lib_a-jp2uc.o)
 .rodata.b02cf  0x0000000002016250     0x172a /opt/devkitpro/devkitARM/bin/../lib/gcc/arm-none-eabi/11.2.0/../../../../arm-none-eabi/lib/libg.a(lib_a-jp2uc.o)
 *fill*         0x000000000201797a        0x2 ff
 .rodata.d02f4  0x000000000201797c     0x1a7c /opt/devkitpro/devkitARM/bin/../lib/gcc/arm-none-eabi/11.2.0/../../../../arm-none-eabi/lib/libg.a(lib_a-jp2uc.o)
 .rodata.categories
                0x00000000020193f8     0x31e6 /opt/devkitpro/devkitARM/bin/../lib/gcc/arm-none-eabi/11.2.0/../../../../arm-none-eabi/lib/libg.a(lib_a-categories.o)
 *fill*         0x000000000201c5de        0x2 ff
 .rodata.AddDevice.str1.4
                0x000000000201c5e0        0x8 /opt/devkitpro/devkitARM/bin/../lib/gcc/arm-none-eabi/11.2.0/../../../../arm-none-eabi/lib/libsysbase.a(iosupport.o)
 .rodata.dotab_stdnull
                0x000000000201c5e8       0x70 /opt/devkitpro/devkitARM/bin/../lib/gcc/arm-none-eabi/11.2.0/../../../../arm-none-eabi/lib/libsysbase.a(iosupport.o)
                0x000000000201c5e8                dotab_stdnull
 *(EXCLUDE_FILE(*.twl*) .gnu.linkonce.r*)
                0x000000000201c658                . = ALIGN (0x4)

.ARM.extab
 *(.ARM.extab* .gnu.linkonce.armextab.*)
                0x000000000201c658                __exidx_start = .

ARM.exidx
 *(.ARM.exidx* .gnu.linkonce.armexidx.*)
                0x000000000201c658                __exidx_end = .
                0x000000000201c658                . = ALIGN (0x4)
                0x000000000201c658                PROVIDE (__preinit_array_start = .)

.preinit_array
 *(.preinit_array)
                0x000000000201c658                PROVIDE (__preinit_array_end = .)
                0x000000000201c658                PROVIDE (__init_array_start = .)

.init_array     0x000000000201c658        0x4
 *(SORT_BY_NAME(.init_array.*))
 *(.init_array)
 .init_array    0x000000000201c658        0x4 /opt/devkitpro/devkitARM/bin/../lib/gcc/arm-none-eabi/11.2.0/crtbegin.o
                0x000000000201c65c                PROVIDE (__init_array_end = .)
                [!provide]                        PROVIDE (__fini_array_start = .)

.fini_array     0x000000000201c65c        0x4
 *(.fini_array)
 .fini_array    0x000000000201c65c        0x4 /opt/devkitpro/devkitARM/bin/../lib/gcc/arm-none-eabi/11.2.0/crtbegin.o
 *(SORT_BY_NAME(.fini_array.*))
                [!provide]                        PROVIDE (__fini_array_end = .)

.ctors          0x000000000201c660        0x0
 *crtbegin.o(.ctors)
 *(EXCLUDE_FILE(*crtend.o) .ctors)
 *(SORT_BY_NAME(.ctors.*))
 *(.ctors)
                0x000000000201c660                . = ALIGN (0x4)

.dtors          0x000000000201c660        0x0
 *crtbegin.o(.dtors)
 *(EXCLUDE_FILE(*crtend.o) .dtors)
 *(SORT_BY_NAME(.dtors.*))
 *(.dtors)
                0x000000000201c660                . = ALIGN (0x4)

.eh_frame       0x000000000201c660        0x4
 *(.eh_frame)
 .eh_frame      0x000000000201c660        0x0 /opt/devkitpro/devkitARM/bin/../lib/gcc/arm-none-eabi/11.2.0/crtbegin.o
 .eh_frame      0x000000000201c660        0x4 /opt/devkitpro/devkitARM/bin/../lib/gcc/arm-none-eabi/11.2.0/crtend.o
                0x000000000201c664                . = ALIGN (0x4)

.rel.dyn        0x000000000201c664        0x0
 .rel.iplt      0x000000000201c664        0x0 /opt/devkitpro/devkitARM/bin/../lib/gcc/arm-none-eabi/11.2.0/../../../../arm-none-eabi/lib/ds_arm9_crt0.o

.gcc_except_table
                0x000000000201c664        0x0
 *(.gcc_except_table)
                0x000000000201c664                . = ALIGN (0x4)

.jcr
 *(.jcr)

.got
 *(.got.plt)
 *(.got)
 *(.rel.got)

.ewram          0x000000000201c664        0x0
                0x000000000201c664                __ewram_start = ABSOLUTE (.)
 *(.ewram)
 *ewram.*(.text)
                0x000000000201c664                . = ALIGN (0x4)

.data           0x000000000201c664     0x1b90
                0x000000000201c664                __data_start = ABSOLUTE (.)
 *(EXCLUDE_FILE(*.twl*) .data)
 .data          0x000000000201c664       0x28 /opt/devkitpro/libnds/lib/libnds9.a(mpu_setup.o)
 *(EXCLUDE_FILE(*.twl*) .data.*)
 .data.currentConsole
                0x000000000201c68c        0x4 /opt/devkitpro/libnds/lib/libnds9.a(console.o)
                0x000000000201c68c                currentConsole
 .data.defaultConsole
                0x000000000201c690       0x5c /opt/devkitpro/libnds/lib/libnds9.a(console.o)
                0x000000000201c690                defaultConsole
 .data.firstConsoleInit.0
                0x000000000201c6ec        0x1 /opt/devkitpro/libnds/lib/libnds9.a(console.o)
 *fill*         0x000000000201c6ed        0x3 ff
 .data.fifo_buffer_free
                0x000000000201c6f0        0x4 /opt/devkitpro/libnds/lib/libnds9.a(fifosystem.o)
                0x000000000201c6f0                fifo_buffer_free
 .data.fifo_freewords
                0x000000000201c6f4        0x4 /opt/devkitpro/libnds/lib/libnds9.a(fifosystem.o)
                0x000000000201c6f4                fifo_freewords
 .data.fifo_receive_queue
                0x000000000201c6f8        0x4 /opt/devkitpro/libnds/lib/libnds9.a(fifosystem.o)
                0x000000000201c6f8                fifo_receive_queue
 .data.fifo_send_queue
                0x000000000201c6fc        0x4 /opt/devkitpro/libnds/lib/libnds9.a(fifosystem.o)
                0x000000000201c6fc                fifo_send_queue
 .data.bgControl
                0x000000000201c700       0x20 /opt/devkitpro/libnds/lib/libnds9.a(background.o)
                0x000000000201c700                bgControl
 .data.bgScrollTable
                0x000000000201c720       0x20 /opt/devkitpro/libnds/lib/libnds9.a(background.o)
                0x000000000201c720                bgScrollTable
 .data.bgTransform
                0x000000000201c740       0x20 /opt/devkitpro/libnds/lib/libnds9.a(background.o)
                0x000000000201c740                bgTransform
 .data._impure_ptr
                0x000000000201c760        0x4 /opt/devkitpro/devkitARM/bin/../lib/gcc/arm-none-eabi/11.2.0/../../../../arm-none-eabi/lib/libg.a(lib_a-impure.o)
                0x000000000201c760                _impure_ptr
 *fill*         0x000000000201c764        0x4 ff
 .data.impure_data
                0x000000000201c768      0x460 /opt/devkitpro/devkitARM/bin/../lib/gcc/arm-none-eabi/11.2.0/../../../../arm-none-eabi/lib/libg.a(lib_a-impure.o)
 .data.__global_locale
                0x000000000201cbc8      0x16c /opt/devkitpro/devkitARM/bin/../lib/gcc/arm-none-eabi/11.2.0/../../../../arm-none-eabi/lib/libg.a(lib_a-locale.o)
                0x000000000201cbc8                __global_locale
 .data.__malloc_av_
                0x000000000201cd34      0x408 /opt/devkitpro/devkitARM/bin/../lib/gcc/arm-none-eabi/11.2.0/../../../../arm-none-eabi/lib/libg.a(lib_a-mallocr.o)
                0x000000000201cd34                __malloc_av_
 .data.__malloc_sbrk_base
                0x000000000201d13c        0x4 /opt/devkitpro/devkitARM/bin/../lib/gcc/arm-none-eabi/11.2.0/../../../../arm-none-eabi/lib/libg.a(lib_a-mallocr.o)
                0x000000000201d13c                __malloc_sbrk_base
 .data.__malloc_trim_threshold
                0x000000000201d140        0x4 /opt/devkitpro/devkitARM/bin/../lib/gcc/arm-none-eabi/11.2.0/../../../../arm-none-eabi/lib/libg.a(lib_a-mallocr.o)
                0x000000000201d140                __malloc_trim_threshold
 .data.devoptab_list
                0x000000000201d144       0x8c /opt/devkitpro/devkitARM/bin/../lib/gcc/arm-none-eabi/11.2.0/../../../../arm-none-eabi/lib/libsysbase.a(iosupport.o)
                0x000000000201d144                devoptab_list
 .data.__stderr_handle
                0x000000000201d1d0        0xc /opt/devkitpro/devkitARM/bin/../lib/gcc/arm-none-eabi/11.2.0/../../../../arm-none-eabi/lib/libsysbase.a(handle_manager.o)
 .data.__stdin_handle
                0x000000000201d1dc        0xc /opt/devkitpro/devkitARM/bin/../lib/gcc/arm-none-eabi/11.2.0/../../../../arm-none-eabi/lib/libsysbase.a(handle_manager.o)
 .data.__stdout_handle
                0x000000000201d1e8        0xc /opt/devkitpro/devkitARM/bin/../lib/gcc/arm-none-eabi/11.2.0/../../../../arm-none-eabi/lib/libsysbase.a(handle_manager.o)
 .data.handles  0x000000000201d1f4     0x1000 /opt/devkitpro/devkitARM/bin/../lib/gcc/arm-none-eabi/11.2.0/../../../../arm-none-eabi/lib/libsysbase.a(handle_manager.o)
 *(EXCLUDE_FILE(*.twl*) .gnu.linkonce.d*)
                0x000000000201e1f4                . = ALIGN (0x4)
                0x000000000201e1f4                __data_end = ABSOLUTE (.)
                0x000000000201e1f4                __bss_vma = .

.igot.plt       0x000000000201e1f4        0x0
 .igot.plt      0x000000000201e1f4        0x0 /opt/devkitpro/devkitARM/bin/../lib/gcc/arm-none-eabi/11.2.0/../../../../arm-none-eabi/lib/ds_arm9_crt0.o

.dtcm           0x0000000002ff0000        0x0 load address 0x000000000201e1f4
                0x000000000201e1f4                __dtcm_lma = LOADADDR (.dtcm)
                0x0000000002ff0000                __dtcm_start = ABSOLUTE (.)
 *(.dtcm)
 *(.dtcm.*)
                0x0000000002ff0000                . = ALIGN (0x4)
                0x0000000002ff0000                __dtcm_end = ABSOLUTE (.)

.itcm           0x0000000001000100      0x194 load address 0x000000000201e1f4
                0x000000000201e1f4                __itcm_lma = LOADADDR (.itcm)
                0x0000000001000100                __itcm_start = ABSOLUTE (.)
 *(.itcm)
 .itcm          0x0000000001000100       0xc8 /opt/devkitpro/libnds/lib/libnds9.a(interrupts.o)
                0x0000000001000100                irqTable
 .itcm          0x00000000010001c8       0xcc /opt/devkitpro/libnds/lib/libnds9.a(interruptDispatcher.o)
                0x00000000010001c8                IntrMain
 *.itcm*(.text .stub .text.*)
                0x0000000001000294                . = ALIGN (0x4)
                0x0000000001000294                __itcm_end = ABSOLUTE (.)

.vectors        0x0000000001000000        0x0 load address 0x000000000201e388
                0x000000000201e388                __vectors_lma = LOADADDR (.vectors)
                0x0000000001000000                __vectors_start = ABSOLUTE (.)
 *(.vectors .vectors.*)
                0x0000000001000000                . = ALIGN (0x4)
                0x0000000001000000                __vectors_end = ABSOLUTE (.)

.sbss           0x0000000002ff0000        0x0
                0x0000000002ff0000                __sbss_start = ABSOLUTE (.)
                0x0000000002ff0000                __sbss_start__ = ABSOLUTE (.)
 *(.sbss)
                0x0000000002ff0000                . = ALIGN (0x4)
                0x0000000002ff0000                __sbss_end = ABSOLUTE (.)

.bss            0x000000000201e1f4      0xc78
                0x000000000201e1f4                __bss_start = ABSOLUTE (.)
                0x000000000201e1f4                __bss_start__ = ABSOLUTE (.)
 *(EXCLUDE_FILE(*.twl*) .dynbss)
 *(EXCLUDE_FILE(*.twl*) .gnu.linkonce.b*)
 *(EXCLUDE_FILE(*.twl*) .bss*)
 .bss.completed.1
                0x000000000201e1f4        0x1 /opt/devkitpro/devkitARM/bin/../lib/gcc/arm-none-eabi/11.2.0/crtbegin.o
 *fill*         0x000000000201e1f5        0x3 
 .bss.object.0  0x000000000201e1f8       0x18 /opt/devkitpro/devkitARM/bin/../lib/gcc/arm-none-eabi/11.2.0/crtbegin.o
 .bss.currentCopy
                0x000000000201e210       0x5c /opt/devkitpro/libnds/lib/libnds9.a(console.o)
                0x000000000201e210                currentCopy
 .bss.__dsimode
                0x000000000201e26c        0x1 /opt/devkitpro/libnds/lib/libnds9.a(initSystem.o)
                0x000000000201e26c                __dsimode
 *fill*         0x000000000201e26d        0x3 
 .bss.punixTime
                0x000000000201e270        0x4 /opt/devkitpro/libnds/lib/libnds9.a(initSystem.o)
                0x000000000201e270                punixTime
 .bss.fifo_address_data
                0x000000000201e274       0x40 /opt/devkitpro/libnds/lib/libnds9.a(fifosystem.o)
                0x000000000201e274                fifo_address_data
 .bss.fifo_address_func
                0x000000000201e2b4       0x40 /opt/devkitpro/libnds/lib/libnds9.a(fifosystem.o)
                0x000000000201e2b4                fifo_address_func
 .bss.fifo_address_queue
                0x000000000201e2f4       0x40 /opt/devkitpro/libnds/lib/libnds9.a(fifosystem.o)
                0x000000000201e2f4                fifo_address_queue
 .bss.fifo_buffer
                0x000000000201e334      0x800 /opt/devkitpro/libnds/lib/libnds9.a(fifosystem.o)
                0x000000000201e334                fifo_buffer
 .bss.fifo_data_queue
                0x000000000201eb34       0x40 /opt/devkitpro/libnds/lib/libnds9.a(fifosystem.o)
                0x000000000201eb34                fifo_data_queue
 .bss.fifo_datamsg_data
                0x000000000201eb74       0x40 /opt/devkitpro/libnds/lib/libnds9.a(fifosystem.o)
                0x000000000201eb74                fifo_datamsg_data
 .bss.fifo_datamsg_func
                0x000000000201ebb4       0x40 /opt/devkitpro/libnds/lib/libnds9.a(fifosystem.o)
                0x000000000201ebb4                fifo_datamsg_func
 .bss.fifo_value32_data
                0x000000000201ebf4       0x40 /opt/devkitpro/libnds/lib/libnds9.a(fifosystem.o)
                0x000000000201ebf4                fifo_value32_data
 .bss.fifo_value32_func
                0x000000000201ec34       0x40 /opt/devkitpro/libnds/lib/libnds9.a(fifosystem.o)
                0x000000000201ec34                fifo_value32_func
 .bss.fifo_value32_queue
                0x000000000201ec74       0x40 /opt/devkitpro/libnds/lib/libnds9.a(fifosystem.o)
                0x000000000201ec74                fifo_value32_queue
 .bss.processing
                0x000000000201ecb4        0x4 /opt/devkitpro/libnds/lib/libnds9.a(fifosystem.o)
                0x000000000201ecb4                processing
 .bss.bgIsTextLut
                0x000000000201ecb8        0x8 /opt/devkitpro/libnds/lib/libnds9.a(background.o)
                0x000000000201ecb8                bgIsTextLut
 .bss.bgState   0x000000000201ecc0      0x140 /opt/devkitpro/libnds/lib/libnds9.a(background.o)
                0x000000000201ecc0                bgState
 .bss.SDcallback
                0x000000000201ee00        0x4 /opt/devkitpro/libnds/lib/libnds9.a(system.o)
 .bss.__sfp_recursive_mutex
                0x000000000201ee04        0xc /opt/devkitpro/devkitARM/bin/../lib/gcc/arm-none-eabi/11.2.0/../../../../arm-none-eabi/lib/libg.a(lib_a-findfp.o)
 .bss.__sinit_recursive_mutex
                0x000000000201ee10        0xc /opt/devkitpro/devkitARM/bin/../lib/gcc/arm-none-eabi/11.2.0/../../../../arm-none-eabi/lib/libg.a(lib_a-findfp.o)
 .bss.__malloc_current_mallinfo
                0x000000000201ee1c       0x28 /opt/devkitpro/devkitARM/bin/../lib/gcc/arm-none-eabi/11.2.0/../../../../arm-none-eabi/lib/libg.a(lib_a-mallocr.o)
                0x000000000201ee1c                __malloc_current_mallinfo
 .bss.__malloc_max_sbrked_mem
                0x000000000201ee44        0x4 /opt/devkitpro/devkitARM/bin/../lib/gcc/arm-none-eabi/11.2.0/../../../../arm-none-eabi/lib/libg.a(lib_a-mallocr.o)
                0x000000000201ee44                __malloc_max_sbrked_mem
 .bss.__malloc_max_total_mem
                0x000000000201ee48        0x4 /opt/devkitpro/devkitARM/bin/../lib/gcc/arm-none-eabi/11.2.0/../../../../arm-none-eabi/lib/libg.a(lib_a-mallocr.o)
                0x000000000201ee48                __malloc_max_total_mem
 .bss.__malloc_top_pad
                0x000000000201ee4c        0x4 /opt/devkitpro/devkitARM/bin/../lib/gcc/arm-none-eabi/11.2.0/../../../../arm-none-eabi/lib/libg.a(lib_a-mallocr.o)
                0x000000000201ee4c                __malloc_top_pad
 .bss.__malloc_recursive_mutex
                0x000000000201ee50        0xc /opt/devkitpro/devkitARM/bin/../lib/gcc/arm-none-eabi/11.2.0/../../../../arm-none-eabi/lib/libg.a(lib_a-mlock.o)
 .bss.heap_start.0
                0x000000000201ee5c        0x4 /opt/devkitpro/devkitARM/bin/../lib/gcc/arm-none-eabi/11.2.0/../../../../arm-none-eabi/lib/libsysbase.a(sbrk.o)
 .bss.fake_heap_end
                0x000000000201ee60        0x4 /opt/devkitpro/devkitARM/bin/../lib/gcc/arm-none-eabi/11.2.0/../../../../arm-none-eabi/lib/libsysbase.a(malloc_vars.o)
                0x000000000201ee60                fake_heap_end
 .bss.fake_heap_start
                0x000000000201ee64        0x4 /opt/devkitpro/devkitARM/bin/../lib/gcc/arm-none-eabi/11.2.0/../../../../arm-none-eabi/lib/libsysbase.a(malloc_vars.o)
                0x000000000201ee64                fake_heap_start
 .bss.__hndl_lock
                0x000000000201ee68        0x4 /opt/devkitpro/devkitARM/bin/../lib/gcc/arm-none-eabi/11.2.0/../../../../arm-none-eabi/lib/libsysbase.a(handle_manager.o)
 *(EXCLUDE_FILE(*.twl*) COMMON)
                0x000000000201ee6c                . = ALIGN (0x4)
                0x000000000201ee6c                __bss_end__ = ABSOLUTE (.)
                0x000000000201ee6c                __end__ = ABSOLUTE (.)

.twl            0x000000000201ee6c        0x0 load address 0x0000000002400000
                0x0000000002400000                __arm9i_lma__ = LOADADDR (.twl)
                0x000000000201ee6c                __arm9i_start__ = ABSOLUTE (.)
 *(.twl)
 *.twl*(.text .stub .text.* .gnu.linkonce.t.*)
 *.twl*(.rodata)
 *.twl*(.roda)
 *.twl*(.rodata.*)
 *.twl*(.data)
 *.twl*(.data.*)
 *.twl*(.gnu.linkonce.d*)
                0x000000000201ee6c                __arm9i_end__ = ABSOLUTE (.)

.twl_bss        0x000000000201ee6c        0x0
                0x000000000201ee6c                __twl_bss_start__ = ABSOLUTE (.)
 *(.twl_bss)
 *.twl*(.dynbss)
 *.twl*(.gnu.linkonce.b*)
 *.twl*(.bss*)
 *.twl*(COMMON)
                0x000000000201ee6c                . = ALIGN (0x4)
                0x000000000201ee6c                __twl_bss_end__ = ABSOLUTE (.)
                0x000000000201ee6c                __twl_end__ = ABSOLUTE (.)

.stab
 *(.stab)

.stabstr
 *(.stabstr)

.stab.excl
 *(.stab.excl)

.stab.exclstr
 *(.stab.exclstr)

.stab.index
 *(.stab.index)

.stab.indexstr
 *(.stab.indexstr)

.comment        0x0000000000000000       0x23
 *(.comment)
 .comment       0x0000000000000000       0x23 /opt/devkitpro/devkitARM/bin/../lib/gcc/arm-none-eabi/11.2.0/crtbegin.o
                                         0x24 (size before relaxing)
 .comment       0x0000000000000023       0x24 main.o
 .comment       0x0000000000000023       0x24 /opt/devkitpro/libnds/lib/libnds9.a(console.o)
 .comment       0x0000000000000023       0x24 /opt/devkitpro/libnds/lib/libnds9.a(initSystem.o)
 .comment       0x0000000000000023       0x24 /opt/devkitpro/libnds/lib/libnds9.a(securearea.o)
 .comment       0x0000000000000023       0x24 /opt/devkitpro/libnds/lib/libnds9.a(interrupts.o)
 .comment       0x0000000000000023       0x24 /opt/devkitpro/libnds/lib/libnds9.a(libnds_exit.arm.o)
 .comment       0x0000000000000023       0x24 /opt/devkitpro/libnds/lib/libnds9.a(fifosystem.o)
 .comment       0x0000000000000023       0x24 /opt/devkitpro/libnds/lib/libnds9.a(background.o)
 .comment       0x0000000000000023       0x24 /opt/devkitpro/libnds/lib/libnds9.a(trig.o)
 .comment       0x0000000000000023       0x24 /opt/devkitpro/libnds/lib/libnds9.a(video.o)
 .comment       0x0000000000000023       0x24 /opt/devkitpro/libnds/lib/libnds9.a(system.o)
 .comment       0x0000000000000023       0x24 /opt/devkitpro/devkitARM/bin/../lib/gcc/arm-none-eabi/11.2.0/../../../../arm-none-eabi/lib/libg.a(lib_a-init.o)
 .comment       0x0000000000000023       0x24 /opt/devkitpro/devkitARM/bin/../lib/gcc/arm-none-eabi/11.2.0/../../../../arm-none-eabi/lib/libg.a(lib_a-memcpy-stub.o)
 .comment       0x0000000000000023       0x24 /opt/devkitpro/devkitARM/bin/../lib/gcc/arm-none-eabi/11.2.0/../../../../arm-none-eabi/lib/libg.a(lib_a-memset.o)
 .comment       0x0000000000000023       0x24 /opt/devkitpro/devkitARM/bin/../lib/gcc/arm-none-eabi/11.2.0/../../../../arm-none-eabi/lib/libg.a(lib_a-printf.o)
 .comment       0x0000000000000023       0x24 /opt/devkitpro/devkitARM/bin/../lib/gcc/arm-none-eabi/11.2.0/../../../../arm-none-eabi/lib/libg.a(lib_a-setvbuf.o)
 .comment       0x0000000000000023       0x24 /opt/devkitpro/devkitARM/bin/../lib/gcc/arm-none-eabi/11.2.0/../../../../arm-none-eabi/lib/libg.a(lib_a-siscanf.o)
 .comment       0x0000000000000023       0x24 /opt/devkitpro/devkitARM/bin/../lib/gcc/arm-none-eabi/11.2.0/../../../../arm-none-eabi/lib/libg.a(lib_a-stdio.o)
 .comment       0x0000000000000023       0x24 /opt/devkitpro/devkitARM/bin/../lib/gcc/arm-none-eabi/11.2.0/../../../../arm-none-eabi/lib/libg.a(lib_a-strlen-stub.o)
 .comment       0x0000000000000023       0x24 /opt/devkitpro/devkitARM/bin/../lib/gcc/arm-none-eabi/11.2.0/../../../../arm-none-eabi/lib/libg.a(lib_a-svfiscanf.o)
 .comment       0x0000000000000023       0x24 /opt/devkitpro/devkitARM/bin/../lib/gcc/arm-none-eabi/11.2.0/../../../../arm-none-eabi/lib/libg.a(lib_a-ungetc.o)
 .comment       0x0000000000000023       0x24 /opt/devkitpro/devkitARM/bin/../lib/gcc/arm-none-eabi/11.2.0/../../../../arm-none-eabi/lib/libg.a(lib_a-vfiprintf.o)
 .comment       0x0000000000000023       0x24 /opt/devkitpro/devkitARM/bin/../lib/gcc/arm-none-eabi/11.2.0/../../../../arm-none-eabi/lib/libg.a(lib_a-vfprintf.o)
 .comment       0x0000000000000023       0x24 /opt/devkitpro/devkitARM/bin/../lib/gcc/arm-none-eabi/11.2.0/../../../../arm-none-eabi/lib/libg.a(lib_a-wcrtomb.o)
 .comment       0x0000000000000023       0x24 /opt/devkitpro/devkitARM/bin/../lib/gcc/arm-none-eabi/11.2.0/../../../../arm-none-eabi/lib/libg.a(lib_a-wcsrtombs.o)
 .comment       0x0000000000000023       0x24 /opt/devkitpro/devkitARM/bin/../lib/gcc/arm-none-eabi/11.2.0/../../../../arm-none-eabi/lib/libg.a(lib_a-wsetup.o)
 .comment       0x0000000000000023       0x24 /opt/devkitpro/devkitARM/bin/../lib/gcc/arm-none-eabi/11.2.0/../../../../arm-none-eabi/lib/libg.a(lib_a-ctype_.o)
 .comment       0x0000000000000023       0x24 /opt/devkitpro/devkitARM/bin/../lib/gcc/arm-none-eabi/11.2.0/../../../../arm-none-eabi/lib/libg.a(lib_a-dtoa.o)
 .comment       0x0000000000000023       0x24 /opt/devkitpro/devkitARM/bin/../lib/gcc/arm-none-eabi/11.2.0/../../../../arm-none-eabi/lib/libg.a(lib_a-fflush.o)
 .comment       0x0000000000000023       0x24 /opt/devkitpro/devkitARM/bin/../lib/gcc/arm-none-eabi/11.2.0/../../../../arm-none-eabi/lib/libg.a(lib_a-findfp.o)
 .comment       0x0000000000000023       0x24 /opt/devkitpro/devkitARM/bin/../lib/gcc/arm-none-eabi/11.2.0/../../../../arm-none-eabi/lib/libg.a(lib_a-freer.o)
 .comment       0x0000000000000023       0x24 /opt/devkitpro/devkitARM/bin/../lib/gcc/arm-none-eabi/11.2.0/../../../../arm-none-eabi/lib/libg.a(lib_a-fvwrite.o)
 .comment       0x0000000000000023       0x24 /opt/devkitpro/devkitARM/bin/../lib/gcc/arm-none-eabi/11.2.0/../../../../arm-none-eabi/lib/libg.a(lib_a-fwalk.o)
 .comment       0x0000000000000023       0x24 /opt/devkitpro/devkitARM/bin/../lib/gcc/arm-none-eabi/11.2.0/../../../../arm-none-eabi/lib/libg.a(lib_a-impure.o)
 .comment       0x0000000000000023       0x24 /opt/devkitpro/devkitARM/bin/../lib/gcc/arm-none-eabi/11.2.0/../../../../arm-none-eabi/lib/libg.a(lib_a-iswspace.o)
 .comment       0x0000000000000023       0x24 /opt/devkitpro/devkitARM/bin/../lib/gcc/arm-none-eabi/11.2.0/../../../../arm-none-eabi/lib/libg.a(lib_a-localeconv.o)
 .comment       0x0000000000000023       0x24 /opt/devkitpro/devkitARM/bin/../lib/gcc/arm-none-eabi/11.2.0/../../../../arm-none-eabi/lib/libg.a(lib_a-locale.o)
 .comment       0x0000000000000023       0x24 /opt/devkitpro/devkitARM/bin/../lib/gcc/arm-none-eabi/11.2.0/../../../../arm-none-eabi/lib/libg.a(lib_a-makebuf.o)
 .comment       0x0000000000000023       0x24 /opt/devkitpro/devkitARM/bin/../lib/gcc/arm-none-eabi/11.2.0/../../../../arm-none-eabi/lib/libg.a(lib_a-malloc.o)
 .comment       0x0000000000000023       0x24 /opt/devkitpro/devkitARM/bin/../lib/gcc/arm-none-eabi/11.2.0/../../../../arm-none-eabi/lib/libg.a(lib_a-mallocr.o)
 .comment       0x0000000000000023       0x24 /opt/devkitpro/devkitARM/bin/../lib/gcc/arm-none-eabi/11.2.0/../../../../arm-none-eabi/lib/libg.a(lib_a-mbrtowc.o)
 .comment       0x0000000000000023       0x24 /opt/devkitpro/devkitARM/bin/../lib/gcc/arm-none-eabi/11.2.0/../../../../arm-none-eabi/lib/libg.a(lib_a-mbtowc_r.o)
 .comment       0x0000000000000023       0x24 /opt/devkitpro/devkitARM/bin/../lib/gcc/arm-none-eabi/11.2.0/../../../../arm-none-eabi/lib/libg.a(lib_a-memchr-stub.o)
 .comment       0x0000000000000023       0x24 /opt/devkitpro/devkitARM/bin/../lib/gcc/arm-none-eabi/11.2.0/../../../../arm-none-eabi/lib/libg.a(lib_a-memmove.o)
 .comment       0x0000000000000023       0x24 /opt/devkitpro/devkitARM/bin/../lib/gcc/arm-none-eabi/11.2.0/../../../../arm-none-eabi/lib/libg.a(lib_a-mlock.o)
 .comment       0x0000000000000023       0x24 /opt/devkitpro/devkitARM/bin/../lib/gcc/arm-none-eabi/11.2.0/../../../../arm-none-eabi/lib/libg.a(lib_a-mprec.o)
 .comment       0x0000000000000023       0x24 /opt/devkitpro/devkitARM/bin/../lib/gcc/arm-none-eabi/11.2.0/../../../../arm-none-eabi/lib/libg.a(lib_a-realloc.o)
 .comment       0x0000000000000023       0x24 /opt/devkitpro/devkitARM/bin/../lib/gcc/arm-none-eabi/11.2.0/../../../../arm-none-eabi/lib/libg.a(lib_a-reallocr.o)
 .comment       0x0000000000000023       0x24 /opt/devkitpro/devkitARM/bin/../lib/gcc/arm-none-eabi/11.2.0/../../../../arm-none-eabi/lib/libg.a(lib_a-sccl.o)
 .comment       0x0000000000000023       0x24 /opt/devkitpro/devkitARM/bin/../lib/gcc/arm-none-eabi/11.2.0/../../../../arm-none-eabi/lib/libg.a(lib_a-s_frexp.o)
 .comment       0x0000000000000023       0x24 /opt/devkitpro/devkitARM/bin/../lib/gcc/arm-none-eabi/11.2.0/../../../../arm-none-eabi/lib/libg.a(lib_a-strncpy.o)
 .comment       0x0000000000000023       0x24 /opt/devkitpro/devkitARM/bin/../lib/gcc/arm-none-eabi/11.2.0/../../../../arm-none-eabi/lib/libg.a(lib_a-strtoll.o)
 .comment       0x0000000000000023       0x24 /opt/devkitpro/devkitARM/bin/../lib/gcc/arm-none-eabi/11.2.0/../../../../arm-none-eabi/lib/libg.a(lib_a-strtol.o)
 .comment       0x0000000000000023       0x24 /opt/devkitpro/devkitARM/bin/../lib/gcc/arm-none-eabi/11.2.0/../../../../arm-none-eabi/lib/libg.a(lib_a-strtoull.o)
 .comment       0x0000000000000023       0x24 /opt/devkitpro/devkitARM/bin/../lib/gcc/arm-none-eabi/11.2.0/../../../../arm-none-eabi/lib/libg.a(lib_a-strtoul.o)
 .comment       0x0000000000000023       0x24 /opt/devkitpro/devkitARM/bin/../lib/gcc/arm-none-eabi/11.2.0/../../../../arm-none-eabi/lib/libg.a(lib_a-svfiprintf.o)
 .comment       0x0000000000000023       0x24 /opt/devkitpro/devkitARM/bin/../lib/gcc/arm-none-eabi/11.2.0/../../../../arm-none-eabi/lib/libg.a(lib_a-wcsnrtombs.o)
 .comment       0x0000000000000023       0x24 /opt/devkitpro/devkitARM/bin/../lib/gcc/arm-none-eabi/11.2.0/../../../../arm-none-eabi/lib/libg.a(lib_a-wctomb_r.o)
 .comment       0x0000000000000023       0x24 /opt/devkitpro/devkitARM/bin/../lib/gcc/arm-none-eabi/11.2.0/../../../../arm-none-eabi/lib/libg.a(lib_a-assert.o)
 .comment       0x0000000000000023       0x24 /opt/devkitpro/devkitARM/bin/../lib/gcc/arm-none-eabi/11.2.0/../../../../arm-none-eabi/lib/libg.a(lib_a-callocr.o)
 .comment       0x0000000000000023       0x24 /opt/devkitpro/devkitARM/bin/../lib/gcc/arm-none-eabi/11.2.0/../../../../arm-none-eabi/lib/libg.a(lib_a-errno.o)
 .comment       0x0000000000000023       0x24 /opt/devkitpro/devkitARM/bin/../lib/gcc/arm-none-eabi/11.2.0/../../../../arm-none-eabi/lib/libg.a(lib_a-fclose.o)
 .comment       0x0000000000000023       0x24 /opt/devkitpro/devkitARM/bin/../lib/gcc/arm-none-eabi/11.2.0/../../../../arm-none-eabi/lib/libg.a(lib_a-fiprintf.o)
 .comment       0x0000000000000023       0x24 /opt/devkitpro/devkitARM/bin/../lib/gcc/arm-none-eabi/11.2.0/../../../../arm-none-eabi/lib/libg.a(lib_a-iswspace_l.o)
 .comment       0x0000000000000023       0x24 /opt/devkitpro/devkitARM/bin/../lib/gcc/arm-none-eabi/11.2.0/../../../../arm-none-eabi/lib/libg.a(lib_a-jp2uc.o)
 .comment       0x0000000000000023       0x24 /opt/devkitpro/devkitARM/bin/../lib/gcc/arm-none-eabi/11.2.0/../../../../arm-none-eabi/lib/libg.a(lib_a-abort.o)
 .comment       0x0000000000000023       0x24 /opt/devkitpro/devkitARM/bin/../lib/gcc/arm-none-eabi/11.2.0/../../../../arm-none-eabi/lib/libg.a(lib_a-categories.o)
 .comment       0x0000000000000023       0x24 /opt/devkitpro/devkitARM/bin/../lib/gcc/arm-none-eabi/11.2.0/../../../../arm-none-eabi/lib/libg.a(lib_a-signal.o)
 .comment       0x0000000000000023       0x24 /opt/devkitpro/devkitARM/bin/../lib/gcc/arm-none-eabi/11.2.0/../../../../arm-none-eabi/lib/libsysbase.a(iosupport.o)
 .comment       0x0000000000000023       0x24 /opt/devkitpro/devkitARM/bin/../lib/gcc/arm-none-eabi/11.2.0/../../../../arm-none-eabi/lib/libsysbase.a(fstat.o)
 .comment       0x0000000000000023       0x24 /opt/devkitpro/devkitARM/bin/../lib/gcc/arm-none-eabi/11.2.0/../../../../arm-none-eabi/lib/libsysbase.a(getpid.o)
 .comment       0x0000000000000023       0x24 /opt/devkitpro/devkitARM/bin/../lib/gcc/arm-none-eabi/11.2.0/../../../../arm-none-eabi/lib/libsysbase.a(isatty.o)
 .comment       0x0000000000000023       0x24 /opt/devkitpro/devkitARM/bin/../lib/gcc/arm-none-eabi/11.2.0/../../../../arm-none-eabi/lib/libsysbase.a(kill.o)
 .comment       0x0000000000000023       0x24 /opt/devkitpro/devkitARM/bin/../lib/gcc/arm-none-eabi/11.2.0/../../../../arm-none-eabi/lib/libsysbase.a(lseek.o)
 .comment       0x0000000000000023       0x24 /opt/devkitpro/devkitARM/bin/../lib/gcc/arm-none-eabi/11.2.0/../../../../arm-none-eabi/lib/libsysbase.a(read.o)
 .comment       0x0000000000000023       0x24 /opt/devkitpro/devkitARM/bin/../lib/gcc/arm-none-eabi/11.2.0/../../../../arm-none-eabi/lib/libsysbase.a(sbrk.o)
 .comment       0x0000000000000023       0x24 /opt/devkitpro/devkitARM/bin/../lib/gcc/arm-none-eabi/11.2.0/../../../../arm-none-eabi/lib/libsysbase.a(write.o)
 .comment       0x0000000000000023       0x24 /opt/devkitpro/devkitARM/bin/../lib/gcc/arm-none-eabi/11.2.0/../../../../arm-none-eabi/lib/libsysbase.a(_exit.o)
 .comment       0x0000000000000023       0x24 /opt/devkitpro/devkitARM/bin/../lib/gcc/arm-none-eabi/11.2.0/../../../../arm-none-eabi/lib/libsysbase.a(malloc_vars.o)
 .comment       0x0000000000000023       0x24 /opt/devkitpro/devkitARM/bin/../lib/gcc/arm-none-eabi/11.2.0/../../../../arm-none-eabi/lib/libsysbase.a(build_argv.o)
 .comment       0x0000000000000023       0x24 /opt/devkitpro/devkitARM/bin/../lib/gcc/arm-none-eabi/11.2.0/../../../../arm-none-eabi/lib/libsysbase.a(flock.o)
 .comment       0x0000000000000023       0x24 /opt/devkitpro/devkitARM/bin/../lib/gcc/arm-none-eabi/11.2.0/../../../../arm-none-eabi/lib/libsysbase.a(handle_manager.o)
 .comment       0x0000000000000023       0x24 /opt/devkitpro/devkitARM/bin/../lib/gcc/arm-none-eabi/11.2.0/../../../../arm-none-eabi/lib/libsysbase.a(getreent.o)
 .comment       0x0000000000000023       0x24 /opt/devkitpro/devkitARM/bin/../lib/gcc/arm-none-eabi/11.2.0/../../../../arm-none-eabi/lib/libsysbase.a(syscall_support.o)
 .comment       0x0000000000000023       0x24 /opt/devkitpro/devkitARM/bin/../lib/gcc/arm-none-eabi/11.2.0/libgcc.a(_udivmoddi4.o)
 .comment       0x0000000000000023       0x24 /opt/devkitpro/devkitARM/bin/../lib/gcc/arm-none-eabi/11.2.0/crtend.o

.ARM.attributes
                0x0000000000000000       0x2d
 .ARM.attributes
                0x0000000000000000       0x21 /opt/devkitpro/devkitARM/bin/../lib/gcc/arm-none-eabi/11.2.0/../../../../arm-none-eabi/lib/ds_arm9_crt0.o
 .ARM.attributes
                0x0000000000000021       0x1c /opt/devkitpro/devkitARM/bin/../lib/gcc/arm-none-eabi/11.2.0/crti.o
 .ARM.attributes
                0x000000000000003d       0x2a /opt/devkitpro/devkitARM/bin/../lib/gcc/arm-none-eabi/11.2.0/crtbegin.o
 .ARM.attributes
                0x0000000000000067       0x27 main.o
 .ARM.attributes
                0x000000000000008e       0x1b arm9.o
 .ARM.attributes
                0x00000000000000a9       0x2b /opt/devkitpro/libnds/lib/libnds9.a(console.o)
 .ARM.attributes
                0x00000000000000d4       0x2b /opt/devkitpro/libnds/lib/libnds9.a(initSystem.o)
 .ARM.attributes
                0x00000000000000ff       0x2b /opt/devkitpro/libnds/lib/libnds9.a(securearea.o)
 .ARM.attributes
                0x000000000000012a       0x2b /opt/devkitpro/libnds/lib/libnds9.a(interrupts.o)
 .ARM.attributes
                0x0000000000000155       0x2b /opt/devkitpro/libnds/lib/libnds9.a(libnds_exit.arm.o)
 .ARM.attributes
                0x0000000000000180       0x2b /opt/devkitpro/libnds/lib/libnds9.a(fifosystem.o)
 .ARM.attributes
                0x00000000000001ab       0x21 /opt/devkitpro/libnds/lib/libnds9.a(mpu_setup.o)
 .ARM.attributes
                0x00000000000001cc       0x21 /opt/devkitpro/libnds/lib/libnds9.a(IntrWait.o)
 .ARM.attributes
                0x00000000000001ed       0x21 /opt/devkitpro/libnds/lib/libnds9.a(cpu_clock.o)
 .ARM.attributes
                0x000000000000020e       0x1b /opt/devkitpro/libnds/lib/libnds9.a(interruptDispatcher.o)
 .ARM.attributes
                0x0000000000000229       0x21 /opt/devkitpro/libnds/lib/libnds9.a(swiSoftReset.o)
 .ARM.attributes
                0x000000000000024a       0x14 /opt/devkitpro/libnds/lib/libnds9.a(default_font.bin.o)
 .ARM.attributes
                0x000000000000025e       0x2b /opt/devkitpro/libnds/lib/libnds9.a(background.o)
 .ARM.attributes
                0x0000000000000289       0x2b /opt/devkitpro/libnds/lib/libnds9.a(trig.o)
 .ARM.attributes
                0x00000000000002b4       0x2b /opt/devkitpro/libnds/lib/libnds9.a(video.o)
 .ARM.attributes
                0x00000000000002df       0x2b /opt/devkitpro/libnds/lib/libnds9.a(system.o)
 .ARM.attributes
                0x000000000000030a       0x1b /opt/devkitpro/libnds/lib/libnds9.a(biosCalls.o)
 .ARM.attributes
                0x0000000000000325       0x1c /opt/devkitpro/devkitARM/bin/../lib/gcc/arm-none-eabi/11.2.0/libgcc.a(_divsi3.o)
 .ARM.attributes
                0x0000000000000341       0x1c /opt/devkitpro/devkitARM/bin/../lib/gcc/arm-none-eabi/11.2.0/libgcc.a(_dvmd_tls.o)
 .ARM.attributes
                0x000000000000035d       0x2a /opt/devkitpro/devkitARM/bin/../lib/gcc/arm-none-eabi/11.2.0/../../../../arm-none-eabi/lib/libg.a(lib_a-init.o)
 .ARM.attributes
                0x0000000000000387       0x2a /opt/devkitpro/devkitARM/bin/../lib/gcc/arm-none-eabi/11.2.0/../../../../arm-none-eabi/lib/libg.a(lib_a-memcpy-stub.o)
 .ARM.attributes
                0x00000000000003b1       0x2a /opt/devkitpro/devkitARM/bin/../lib/gcc/arm-none-eabi/11.2.0/../../../../arm-none-eabi/lib/libg.a(lib_a-memset.o)
 .ARM.attributes
                0x00000000000003db       0x2a /opt/devkitpro/devkitARM/bin/../lib/gcc/arm-none-eabi/11.2.0/../../../../arm-none-eabi/lib/libg.a(lib_a-printf.o)
 .ARM.attributes
                0x0000000000000405       0x2a /opt/devkitpro/devkitARM/bin/../lib/gcc/arm-none-eabi/11.2.0/../../../../arm-none-eabi/lib/libg.a(lib_a-setvbuf.o)
 .ARM.attributes
                0x000000000000042f       0x2a /opt/devkitpro/devkitARM/bin/../lib/gcc/arm-none-eabi/11.2.0/../../../../arm-none-eabi/lib/libg.a(lib_a-siscanf.o)
 .ARM.attributes
                0x0000000000000459       0x2a /opt/devkitpro/devkitARM/bin/../lib/gcc/arm-none-eabi/11.2.0/../../../../arm-none-eabi/lib/libg.a(lib_a-stdio.o)
 .ARM.attributes
                0x0000000000000483       0x2a /opt/devkitpro/devkitARM/bin/../lib/gcc/arm-none-eabi/11.2.0/../../../../arm-none-eabi/lib/libg.a(lib_a-strlen-stub.o)
 .ARM.attributes
                0x00000000000004ad       0x2a /opt/devkitpro/devkitARM/bin/../lib/gcc/arm-none-eabi/11.2.0/../../../../arm-none-eabi/lib/libg.a(lib_a-svfiscanf.o)
 .ARM.attributes
                0x00000000000004d7       0x2a /opt/devkitpro/devkitARM/bin/../lib/gcc/arm-none-eabi/11.2.0/../../../../arm-none-eabi/lib/libg.a(lib_a-ungetc.o)
 .ARM.attributes
                0x0000000000000501       0x2a /opt/devkitpro/devkitARM/bin/../lib/gcc/arm-none-eabi/11.2.0/../../../../arm-none-eabi/lib/libg.a(lib_a-vfiprintf.o)
 .ARM.attributes
                0x000000000000052b       0x2a /opt/devkitpro/devkitARM/bin/../lib/gcc/arm-none-eabi/11.2.0/../../../../arm-none-eabi/lib/libg.a(lib_a-vfprintf.o)
 .ARM.attributes
                0x0000000000000555       0x2a /opt/devkitpro/devkitARM/bin/../lib/gcc/arm-none-eabi/11.2.0/../../../../arm-none-eabi/lib/libg.a(lib_a-wcrtomb.o)
 .ARM.attributes
                0x000000000000057f       0x2a /opt/devkitpro/devkitARM/bin/../lib/gcc/arm-none-eabi/11.2.0/../../../../arm-none-eabi/lib/libg.a(lib_a-wcsrtombs.o)
 .ARM.attributes
                0x00000000000005a9       0x2a /opt/devkitpro/devkitARM/bin/../lib/gcc/arm-none-eabi/11.2.0/../../../../arm-none-eabi/lib/libg.a(lib_a-wsetup.o)
 .ARM.attributes
                0x00000000000005d3       0x2a /opt/devkitpro/devkitARM/bin/../lib/gcc/arm-none-eabi/11.2.0/../../../../arm-none-eabi/lib/libg.a(lib_a-ctype_.o)
 .ARM.attributes
                0x00000000000005fd       0x2a /opt/devkitpro/devkitARM/bin/../lib/gcc/arm-none-eabi/11.2.0/../../../../arm-none-eabi/lib/libg.a(lib_a-dtoa.o)
 .ARM.attributes
                0x0000000000000627       0x2a /opt/devkitpro/devkitARM/bin/../lib/gcc/arm-none-eabi/11.2.0/../../../../arm-none-eabi/lib/libg.a(lib_a-fflush.o)
 .ARM.attributes
                0x0000000000000651       0x2a /opt/devkitpro/devkitARM/bin/../lib/gcc/arm-none-eabi/11.2.0/../../../../arm-none-eabi/lib/libg.a(lib_a-findfp.o)
 .ARM.attributes
                0x000000000000067b       0x2a /opt/devkitpro/devkitARM/bin/../lib/gcc/arm-none-eabi/11.2.0/../../../../arm-none-eabi/lib/libg.a(lib_a-freer.o)
 .ARM.attributes
                0x00000000000006a5       0x2a /opt/devkitpro/devkitARM/bin/../lib/gcc/arm-none-eabi/11.2.0/../../../../arm-none-eabi/lib/libg.a(lib_a-fvwrite.o)
 .ARM.attributes
                0x00000000000006cf       0x2a /opt/devkitpro/devkitARM/bin/../lib/gcc/arm-none-eabi/11.2.0/../../../../arm-none-eabi/lib/libg.a(lib_a-fwalk.o)
 .ARM.attributes
                0x00000000000006f9       0x30 /opt/devkitpro/devkitARM/bin/../lib/gcc/arm-none-eabi/11.2.0/../../../../arm-none-eabi/lib/libg.a(lib_a-impure.o)
 .ARM.attributes
                0x0000000000000729       0x2a /opt/devkitpro/devkitARM/bin/../lib/gcc/arm-none-eabi/11.2.0/../../../../arm-none-eabi/lib/libg.a(lib_a-iswspace.o)
 .ARM.attributes
                0x0000000000000753       0x2a /opt/devkitpro/devkitARM/bin/../lib/gcc/arm-none-eabi/11.2.0/../../../../arm-none-eabi/lib/libg.a(lib_a-localeconv.o)
 .ARM.attributes
                0x000000000000077d       0x2a /opt/devkitpro/devkitARM/bin/../lib/gcc/arm-none-eabi/11.2.0/../../../../arm-none-eabi/lib/libg.a(lib_a-locale.o)
 .ARM.attributes
                0x00000000000007a7       0x2a /opt/devkitpro/devkitARM/bin/../lib/gcc/arm-none-eabi/11.2.0/../../../../arm-none-eabi/lib/libg.a(lib_a-makebuf.o)
 .ARM.attributes
                0x00000000000007d1       0x2a /opt/devkitpro/devkitARM/bin/../lib/gcc/arm-none-eabi/11.2.0/../../../../arm-none-eabi/lib/libg.a(lib_a-malloc.o)
 .ARM.attributes
                0x00000000000007fb       0x2a /opt/devkitpro/devkitARM/bin/../lib/gcc/arm-none-eabi/11.2.0/../../../../arm-none-eabi/lib/libg.a(lib_a-mallocr.o)
 .ARM.attributes
                0x0000000000000825       0x2a /opt/devkitpro/devkitARM/bin/../lib/gcc/arm-none-eabi/11.2.0/../../../../arm-none-eabi/lib/libg.a(lib_a-mbrtowc.o)
 .ARM.attributes
                0x000000000000084f       0x2a /opt/devkitpro/devkitARM/bin/../lib/gcc/arm-none-eabi/11.2.0/../../../../arm-none-eabi/lib/libg.a(lib_a-mbtowc_r.o)
 .ARM.attributes
                0x0000000000000879       0x2a /opt/devkitpro/devkitARM/bin/../lib/gcc/arm-none-eabi/11.2.0/../../../../arm-none-eabi/lib/libg.a(lib_a-memchr-stub.o)
 .ARM.attributes
                0x00000000000008a3       0x2a /opt/devkitpro/devkitARM/bin/../lib/gcc/arm-none-eabi/11.2.0/../../../../arm-none-eabi/lib/libg.a(lib_a-memmove.o)
 .ARM.attributes
                0x00000000000008cd       0x2a /opt/devkitpro/devkitARM/bin/../lib/gcc/arm-none-eabi/11.2.0/../../../../arm-none-eabi/lib/libg.a(lib_a-mlock.o)
 .ARM.attributes
                0x00000000000008f7       0x2a /opt/devkitpro/devkitARM/bin/../lib/gcc/arm-none-eabi/11.2.0/../../../../arm-none-eabi/lib/libg.a(lib_a-mprec.o)
 .ARM.attributes
                0x0000000000000921       0x2a /opt/devkitpro/devkitARM/bin/../lib/gcc/arm-none-eabi/11.2.0/../../../../arm-none-eabi/lib/libg.a(lib_a-realloc.o)
 .ARM.attributes
                0x000000000000094b       0x2a /opt/devkitpro/devkitARM/bin/../lib/gcc/arm-none-eabi/11.2.0/../../../../arm-none-eabi/lib/libg.a(lib_a-reallocr.o)
 .ARM.attributes
                0x0000000000000975       0x2a /opt/devkitpro/devkitARM/bin/../lib/gcc/arm-none-eabi/11.2.0/../../../../arm-none-eabi/lib/libg.a(lib_a-sccl.o)
 .ARM.attributes
                0x000000000000099f       0x2a /opt/devkitpro/devkitARM/bin/../lib/gcc/arm-none-eabi/11.2.0/../../../../arm-none-eabi/lib/libg.a(lib_a-s_frexp.o)
 .ARM.attributes
                0x00000000000009c9       0x1a /opt/devkitpro/devkitARM/bin/../lib/gcc/arm-none-eabi/11.2.0/../../../../arm-none-eabi/lib/libg.a(lib_a-strcmp.o)
 .ARM.attributes
                0x00000000000009e3       0x2a /opt/devkitpro/devkitARM/bin/../lib/gcc/arm-none-eabi/11.2.0/../../../../arm-none-eabi/lib/libg.a(lib_a-strncpy.o)
 .ARM.attributes
                0x0000000000000a0d       0x2a /opt/devkitpro/devkitARM/bin/../lib/gcc/arm-none-eabi/11.2.0/../../../../arm-none-eabi/lib/libg.a(lib_a-strtoll.o)
 .ARM.attributes
                0x0000000000000a37       0x2a /opt/devkitpro/devkitARM/bin/../lib/gcc/arm-none-eabi/11.2.0/../../../../arm-none-eabi/lib/libg.a(lib_a-strtol.o)
 .ARM.attributes
                0x0000000000000a61       0x2a /opt/devkitpro/devkitARM/bin/../lib/gcc/arm-none-eabi/11.2.0/../../../../arm-none-eabi/lib/libg.a(lib_a-strtoull.o)
 .ARM.attributes
                0x0000000000000a8b       0x2a /opt/devkitpro/devkitARM/bin/../lib/gcc/arm-none-eabi/11.2.0/../../../../arm-none-eabi/lib/libg.a(lib_a-strtoul.o)
 .ARM.attributes
                0x0000000000000ab5       0x2a /opt/devkitpro/devkitARM/bin/../lib/gcc/arm-none-eabi/11.2.0/../../../../arm-none-eabi/lib/libg.a(lib_a-svfiprintf.o)
 .ARM.attributes
                0x0000000000000adf       0x2a /opt/devkitpro/devkitARM/bin/../lib/gcc/arm-none-eabi/11.2.0/../../../../arm-none-eabi/lib/libg.a(lib_a-wcsnrtombs.o)
 .ARM.attributes
                0x0000000000000b09       0x2a /opt/devkitpro/devkitARM/bin/../lib/gcc/arm-none-eabi/11.2.0/../../../../arm-none-eabi/lib/libg.a(lib_a-wctomb_r.o)
 .ARM.attributes
                0x0000000000000b33       0x2a /opt/devkitpro/devkitARM/bin/../lib/gcc/arm-none-eabi/11.2.0/../../../../arm-none-eabi/lib/libg.a(lib_a-assert.o)
 .ARM.attributes
                0x0000000000000b5d       0x2a /opt/devkitpro/devkitARM/bin/../lib/gcc/arm-none-eabi/11.2.0/../../../../arm-none-eabi/lib/libg.a(lib_a-callocr.o)
 .ARM.attributes
                0x0000000000000b87       0x2a /opt/devkitpro/devkitARM/bin/../lib/gcc/arm-none-eabi/11.2.0/../../../../arm-none-eabi/lib/libg.a(lib_a-errno.o)
 .ARM.attributes
                0x0000000000000bb1       0x2a /opt/devkitpro/devkitARM/bin/../lib/gcc/arm-none-eabi/11.2.0/../../../../arm-none-eabi/lib/libg.a(lib_a-fclose.o)
 .ARM.attributes
                0x0000000000000bdb       0x2a /opt/devkitpro/devkitARM/bin/../lib/gcc/arm-none-eabi/11.2.0/../../../../arm-none-eabi/lib/libg.a(lib_a-fiprintf.o)
 .ARM.attributes
                0x0000000000000c05       0x2a /opt/devkitpro/devkitARM/bin/../lib/gcc/arm-none-eabi/11.2.0/../../../../arm-none-eabi/lib/libg.a(lib_a-iswspace_l.o)
 .ARM.attributes
                0x0000000000000c2f       0x2a /opt/devkitpro/devkitARM/bin/../lib/gcc/arm-none-eabi/11.2.0/../../../../arm-none-eabi/lib/libg.a(lib_a-jp2uc.o)
 .ARM.attributes
                0x0000000000000c59       0x2a /opt/devkitpro/devkitARM/bin/../lib/gcc/arm-none-eabi/11.2.0/../../../../arm-none-eabi/lib/libg.a(lib_a-abort.o)
 .ARM.attributes
                0x0000000000000c83       0x2a /opt/devkitpro/devkitARM/bin/../lib/gcc/arm-none-eabi/11.2.0/../../../../arm-none-eabi/lib/libg.a(lib_a-categories.o)
 .ARM.attributes
                0x0000000000000cad       0x2a /opt/devkitpro/devkitARM/bin/../lib/gcc/arm-none-eabi/11.2.0/../../../../arm-none-eabi/lib/libg.a(lib_a-signal.o)
 .ARM.attributes
                0x0000000000000cd7       0x2a /opt/devkitpro/devkitARM/bin/../lib/gcc/arm-none-eabi/11.2.0/../../../../arm-none-eabi/lib/libsysbase.a(iosupport.o)
 .ARM.attributes
                0x0000000000000d01       0x2a /opt/devkitpro/devkitARM/bin/../lib/gcc/arm-none-eabi/11.2.0/../../../../arm-none-eabi/lib/libsysbase.a(fstat.o)
 .ARM.attributes
                0x0000000000000d2b       0x2a /opt/devkitpro/devkitARM/bin/../lib/gcc/arm-none-eabi/11.2.0/../../../../arm-none-eabi/lib/libsysbase.a(getpid.o)
 .ARM.attributes
                0x0000000000000d55       0x2a /opt/devkitpro/devkitARM/bin/../lib/gcc/arm-none-eabi/11.2.0/../../../../arm-none-eabi/lib/libsysbase.a(isatty.o)
 .ARM.attributes
                0x0000000000000d7f       0x2a /opt/devkitpro/devkitARM/bin/../lib/gcc/arm-none-eabi/11.2.0/../../../../arm-none-eabi/lib/libsysbase.a(kill.o)
 .ARM.attributes